Thu Aug 18 09:50:11 2022







	Macro Assembler  -  Version 1.00.0
		-----------------------------------------------

		Input  Filename : D:\SourceCode\_Avery_M031\M031BSP_NSP_TwoWireSample\NSP_project\RINGRING_NSP960B\CpuIf\ISPSwappingPage.asm.app
		Output Filename : D:\SourceCode\_Avery_M031\M031BSP_NSP_TwoWireSample\NSP_project\RINGRING_NSP960B\CpuIf\Code_Release\ISPSwappingPage.oc


    1  0000000                   	SYMBOLS
    2  0000000                   	LINKLIST
    3  0000000                   	DEBUG ASM
    4  0000000                   	LINEAR ON
    5  0000000                   	LONGA OFF
    6  0000000                   	LONGI OFF
    7  0000000                   	PUBLIC _ISPSWAPPINGPAGE_
    8  0000000                   	ISPSWAPPINGPAGE: SECTION
    9  0000000                   _ISPSWAPPINGPAGE_:
   10  0000000  FF              	DB FFH
   11  0000001  FF              	DB FFH
   12  0000002  FF              	DB FFH
   13  0000003  FF              	DB FFH
   14  0000004  FF              	DB FFH
   15  0000005  FF              	DB FFH
   16  0000006  FF              	DB FFH
   17  0000007  FF              	DB FFH
   18  0000008  FF              	DB FFH
   19  0000009  FF              	DB FFH
   20  000000A  FF              	DB FFH
   21  000000B  FF              	DB FFH
   22  000000C  FF              	DB FFH
   23  000000D  FF              	DB FFH
   24  000000E  FF              	DB FFH
   25  000000F  FF              	DB FFH
   26  0000010  FF              	DB FFH
   27  0000011  FF              	DB FFH
   28  0000012  FF              	DB FFH
   29  0000013  FF              	DB FFH
   30  0000014  FF              	DB FFH
   31  0000015  FF              	DB FFH
   32  0000016  FF              	DB FFH
   33  0000017  FF              	DB FFH
   34  0000018  FF              	DB FFH
   35  0000019  FF              	DB FFH
   36  000001A  FF              	DB FFH
   37  000001B  FF              	DB FFH
   38  000001C  FF              	DB FFH
   39  000001D  FF              	DB FFH
   40  000001E  FF              	DB FFH
   41  000001F  FF              	DB FFH
   42  0000020  FF              	DB FFH
   43  0000021  FF              	DB FFH
   44  0000022  FF              	DB FFH
   45  0000023  FF              	DB FFH
   46  0000024  FF              	DB FFH





   47  0000025  FF              	DB FFH
   48  0000026  FF              	DB FFH
   49  0000027  FF              	DB FFH
   50  0000028  FF              	DB FFH
   51  0000029  FF              	DB FFH
   52  000002A  FF              	DB FFH
   53  000002B  FF              	DB FFH
   54  000002C  FF              	DB FFH
   55  000002D  FF              	DB FFH
   56  000002E  FF              	DB FFH
   57  000002F  FF              	DB FFH
   58  0000030  FF              	DB FFH
   59  0000031  FF              	DB FFH
   60  0000032  FF              	DB FFH
   61  0000033  FF              	DB FFH
   62  0000034  FF              	DB FFH
   63  0000035  FF              	DB FFH
   64  0000036  FF              	DB FFH
   65  0000037  FF              	DB FFH
   66  0000038  FF              	DB FFH
   67  0000039  FF              	DB FFH
   68  000003A  FF              	DB FFH
   69  000003B  FF              	DB FFH
   70  000003C  FF              	DB FFH
   71  000003D  FF              	DB FFH
   72  000003E  FF              	DB FFH
   73  000003F  FF              	DB FFH
   74  0000040  FF              	DB FFH
   75  0000041  FF              	DB FFH
   76  0000042  FF              	DB FFH
   77  0000043  FF              	DB FFH
   78  0000044  FF              	DB FFH
   79  0000045  FF              	DB FFH
   80  0000046  FF              	DB FFH
   81  0000047  FF              	DB FFH
   82  0000048  FF              	DB FFH
   83  0000049  FF              	DB FFH
   84  000004A  FF              	DB FFH
   85  000004B  FF              	DB FFH
   86  000004C  FF              	DB FFH
   87  000004D  FF              	DB FFH
   88  000004E  FF              	DB FFH
   89  000004F  FF              	DB FFH
   90  0000050  FF              	DB FFH
   91  0000051  FF              	DB FFH
   92  0000052  FF              	DB FFH
   93  0000053  FF              	DB FFH
   94  0000054  FF              	DB FFH
   95  0000055  FF              	DB FFH
   96  0000056  FF              	DB FFH
   97  0000057  FF              	DB FFH
   98  0000058  FF              	DB FFH
   99  0000059  FF              	DB FFH
  100  000005A  FF              	DB FFH
  101  000005B  FF              	DB FFH
  102  000005C  FF              	DB FFH
  103  000005D  FF              	DB FFH





  104  000005E  FF              	DB FFH
  105  000005F  FF              	DB FFH
  106  0000060  FF              	DB FFH
  107  0000061  FF              	DB FFH
  108  0000062  FF              	DB FFH
  109  0000063  FF              	DB FFH
  110  0000064  FF              	DB FFH
  111  0000065  FF              	DB FFH
  112  0000066  FF              	DB FFH
  113  0000067  FF              	DB FFH
  114  0000068  FF              	DB FFH
  115  0000069  FF              	DB FFH
  116  000006A  FF              	DB FFH
  117  000006B  FF              	DB FFH
  118  000006C  FF              	DB FFH
  119  000006D  FF              	DB FFH
  120  000006E  FF              	DB FFH
  121  000006F  FF              	DB FFH
  122  0000070  FF              	DB FFH
  123  0000071  FF              	DB FFH
  124  0000072  FF              	DB FFH
  125  0000073  FF              	DB FFH
  126  0000074  FF              	DB FFH
  127  0000075  FF              	DB FFH
  128  0000076  FF              	DB FFH
  129  0000077  FF              	DB FFH
  130  0000078  FF              	DB FFH
  131  0000079  FF              	DB FFH
  132  000007A  FF              	DB FFH
  133  000007B  FF              	DB FFH
  134  000007C  FF              	DB FFH
  135  000007D  FF              	DB FFH
  136  000007E  FF              	DB FFH
  137  000007F  FF              	DB FFH
  138  0000080  FF              	DB FFH
  139  0000081  FF              	DB FFH
  140  0000082  FF              	DB FFH
  141  0000083  FF              	DB FFH
  142  0000084  FF              	DB FFH
  143  0000085  FF              	DB FFH
  144  0000086  FF              	DB FFH
  145  0000087  FF              	DB FFH
  146  0000088  FF              	DB FFH
  147  0000089  FF              	DB FFH
  148  000008A  FF              	DB FFH
  149  000008B  FF              	DB FFH
  150  000008C  FF              	DB FFH
  151  000008D  FF              	DB FFH
  152  000008E  FF              	DB FFH
  153  000008F  FF              	DB FFH
  154  0000090  FF              	DB FFH
  155  0000091  FF              	DB FFH
  156  0000092  FF              	DB FFH
  157  0000093  FF              	DB FFH
  158  0000094  FF              	DB FFH
  159  0000095  FF              	DB FFH
  160  0000096  FF              	DB FFH





  161  0000097  FF              	DB FFH
  162  0000098  FF              	DB FFH
  163  0000099  FF              	DB FFH
  164  000009A  FF              	DB FFH
  165  000009B  FF              	DB FFH
  166  000009C  FF              	DB FFH
  167  000009D  FF              	DB FFH
  168  000009E  FF              	DB FFH
  169  000009F  FF              	DB FFH
  170  00000A0  FF              	DB FFH
  171  00000A1  FF              	DB FFH
  172  00000A2  FF              	DB FFH
  173  00000A3  FF              	DB FFH
  174  00000A4  FF              	DB FFH
  175  00000A5  FF              	DB FFH
  176  00000A6  FF              	DB FFH
  177  00000A7  FF              	DB FFH
  178  00000A8  FF              	DB FFH
  179  00000A9  FF              	DB FFH
  180  00000AA  FF              	DB FFH
  181  00000AB  FF              	DB FFH
  182  00000AC  FF              	DB FFH
  183  00000AD  FF              	DB FFH
  184  00000AE  FF              	DB FFH
  185  00000AF  FF              	DB FFH
  186  00000B0  FF              	DB FFH
  187  00000B1  FF              	DB FFH
  188  00000B2  FF              	DB FFH
  189  00000B3  FF              	DB FFH
  190  00000B4  FF              	DB FFH
  191  00000B5  FF              	DB FFH
  192  00000B6  FF              	DB FFH
  193  00000B7  FF              	DB FFH
  194  00000B8  FF              	DB FFH
  195  00000B9  FF              	DB FFH
  196  00000BA  FF              	DB FFH
  197  00000BB  FF              	DB FFH
  198  00000BC  FF              	DB FFH
  199  00000BD  FF              	DB FFH
  200  00000BE  FF              	DB FFH
  201  00000BF  FF              	DB FFH
  202  00000C0  FF              	DB FFH
  203  00000C1  FF              	DB FFH
  204  00000C2  FF              	DB FFH
  205  00000C3  FF              	DB FFH
  206  00000C4  FF              	DB FFH
  207  00000C5  FF              	DB FFH
  208  00000C6  FF              	DB FFH
  209  00000C7  FF              	DB FFH
  210  00000C8  FF              	DB FFH
  211  00000C9  FF              	DB FFH
  212  00000CA  FF              	DB FFH
  213  00000CB  FF              	DB FFH
  214  00000CC  FF              	DB FFH
  215  00000CD  FF              	DB FFH
  216  00000CE  FF              	DB FFH
  217  00000CF  FF              	DB FFH





  218  00000D0  FF              	DB FFH
  219  00000D1  FF              	DB FFH
  220  00000D2  FF              	DB FFH
  221  00000D3  FF              	DB FFH
  222  00000D4  FF              	DB FFH
  223  00000D5  FF              	DB FFH
  224  00000D6  FF              	DB FFH
  225  00000D7  FF              	DB FFH
  226  00000D8  FF              	DB FFH
  227  00000D9  FF              	DB FFH
  228  00000DA  FF              	DB FFH
  229  00000DB  FF              	DB FFH
  230  00000DC  FF              	DB FFH
  231  00000DD  FF              	DB FFH
  232  00000DE  FF              	DB FFH
  233  00000DF  FF              	DB FFH
  234  00000E0  FF              	DB FFH
  235  00000E1  FF              	DB FFH
  236  00000E2  FF              	DB FFH
  237  00000E3  FF              	DB FFH
  238  00000E4  FF              	DB FFH
  239  00000E5  FF              	DB FFH
  240  00000E6  FF              	DB FFH
  241  00000E7  FF              	DB FFH
  242  00000E8  FF              	DB FFH
  243  00000E9  FF              	DB FFH
  244  00000EA  FF              	DB FFH
  245  00000EB  FF              	DB FFH
  246  00000EC  FF              	DB FFH
  247  00000ED  FF              	DB FFH
  248  00000EE  FF              	DB FFH
  249  00000EF  FF              	DB FFH
  250  00000F0  FF              	DB FFH
  251  00000F1  FF              	DB FFH
  252  00000F2  FF              	DB FFH
  253  00000F3  FF              	DB FFH
  254  00000F4  FF              	DB FFH
  255  00000F5  FF              	DB FFH
  256  00000F6  FF              	DB FFH
  257  00000F7  FF              	DB FFH
  258  00000F8  FF              	DB FFH
  259  00000F9  FF              	DB FFH
  260  00000FA  FF              	DB FFH
  261  00000FB  FF              	DB FFH
  262  00000FC  FF              	DB FFH
  263  00000FD  FF              	DB FFH
  264  00000FE  FF              	DB FFH
  265  00000FF  FF              	DB FFH
  266  0000100  FF              	DB FFH
  267  0000101  FF              	DB FFH
  268  0000102  FF              	DB FFH
  269  0000103  FF              	DB FFH
  270  0000104  FF              	DB FFH
  271  0000105  FF              	DB FFH
  272  0000106  FF              	DB FFH
  273  0000107  FF              	DB FFH
  274  0000108  FF              	DB FFH





  275  0000109  FF              	DB FFH
  276  000010A  FF              	DB FFH
  277  000010B  FF              	DB FFH
  278  000010C  FF              	DB FFH
  279  000010D  FF              	DB FFH
  280  000010E  FF              	DB FFH
  281  000010F  FF              	DB FFH
  282  0000110  FF              	DB FFH
  283  0000111  FF              	DB FFH
  284  0000112  FF              	DB FFH
  285  0000113  FF              	DB FFH
  286  0000114  FF              	DB FFH
  287  0000115  FF              	DB FFH
  288  0000116  FF              	DB FFH
  289  0000117  FF              	DB FFH
  290  0000118  FF              	DB FFH
  291  0000119  FF              	DB FFH
  292  000011A  FF              	DB FFH
  293  000011B  FF              	DB FFH
  294  000011C  FF              	DB FFH
  295  000011D  FF              	DB FFH
  296  000011E  FF              	DB FFH
  297  000011F  FF              	DB FFH
  298  0000120  FF              	DB FFH
  299  0000121  FF              	DB FFH
  300  0000122  FF              	DB FFH
  301  0000123  FF              	DB FFH
  302  0000124  FF              	DB FFH
  303  0000125  FF              	DB FFH
  304  0000126  FF              	DB FFH
  305  0000127  FF              	DB FFH
  306  0000128  FF              	DB FFH
  307  0000129  FF              	DB FFH
  308  000012A  FF              	DB FFH
  309  000012B  FF              	DB FFH
  310  000012C  FF              	DB FFH
  311  000012D  FF              	DB FFH
  312  000012E  FF              	DB FFH
  313  000012F  FF              	DB FFH
  314  0000130  FF              	DB FFH
  315  0000131  FF              	DB FFH
  316  0000132  FF              	DB FFH
  317  0000133  FF              	DB FFH
  318  0000134  FF              	DB FFH
  319  0000135  FF              	DB FFH
  320  0000136  FF              	DB FFH
  321  0000137  FF              	DB FFH
  322  0000138  FF              	DB FFH
  323  0000139  FF              	DB FFH
  324  000013A  FF              	DB FFH
  325  000013B  FF              	DB FFH
  326  000013C  FF              	DB FFH
  327  000013D  FF              	DB FFH
  328  000013E  FF              	DB FFH
  329  000013F  FF              	DB FFH
  330  0000140  FF              	DB FFH
  331  0000141  FF              	DB FFH





  332  0000142  FF              	DB FFH
  333  0000143  FF              	DB FFH
  334  0000144  FF              	DB FFH
  335  0000145  FF              	DB FFH
  336  0000146  FF              	DB FFH
  337  0000147  FF              	DB FFH
  338  0000148  FF              	DB FFH
  339  0000149  FF              	DB FFH
  340  000014A  FF              	DB FFH
  341  000014B  FF              	DB FFH
  342  000014C  FF              	DB FFH
  343  000014D  FF              	DB FFH
  344  000014E  FF              	DB FFH
  345  000014F  FF              	DB FFH
  346  0000150  FF              	DB FFH
  347  0000151  FF              	DB FFH
  348  0000152  FF              	DB FFH
  349  0000153  FF              	DB FFH
  350  0000154  FF              	DB FFH
  351  0000155  FF              	DB FFH
  352  0000156  FF              	DB FFH
  353  0000157  FF              	DB FFH
  354  0000158  FF              	DB FFH
  355  0000159  FF              	DB FFH
  356  000015A  FF              	DB FFH
  357  000015B  FF              	DB FFH
  358  000015C  FF              	DB FFH
  359  000015D  FF              	DB FFH
  360  000015E  FF              	DB FFH
  361  000015F  FF              	DB FFH
  362  0000160  FF              	DB FFH
  363  0000161  FF              	DB FFH
  364  0000162  FF              	DB FFH
  365  0000163  FF              	DB FFH
  366  0000164  FF              	DB FFH
  367  0000165  FF              	DB FFH
  368  0000166  FF              	DB FFH
  369  0000167  FF              	DB FFH
  370  0000168  FF              	DB FFH
  371  0000169  FF              	DB FFH
  372  000016A  FF              	DB FFH
  373  000016B  FF              	DB FFH
  374  000016C  FF              	DB FFH
  375  000016D  FF              	DB FFH
  376  000016E  FF              	DB FFH
  377  000016F  FF              	DB FFH
  378  0000170  FF              	DB FFH
  379  0000171  FF              	DB FFH
  380  0000172  FF              	DB FFH
  381  0000173  FF              	DB FFH
  382  0000174  FF              	DB FFH
  383  0000175  FF              	DB FFH
  384  0000176  FF              	DB FFH
  385  0000177  FF              	DB FFH
  386  0000178  FF              	DB FFH
  387  0000179  FF              	DB FFH
  388  000017A  FF              	DB FFH





  389  000017B  FF              	DB FFH
  390  000017C  FF              	DB FFH
  391  000017D  FF              	DB FFH
  392  000017E  FF              	DB FFH
  393  000017F  FF              	DB FFH
  394  0000180  FF              	DB FFH
  395  0000181  FF              	DB FFH
  396  0000182  FF              	DB FFH
  397  0000183  FF              	DB FFH
  398  0000184  FF              	DB FFH
  399  0000185  FF              	DB FFH
  400  0000186  FF              	DB FFH
  401  0000187  FF              	DB FFH
  402  0000188  FF              	DB FFH
  403  0000189  FF              	DB FFH
  404  000018A  FF              	DB FFH
  405  000018B  FF              	DB FFH
  406  000018C  FF              	DB FFH
  407  000018D  FF              	DB FFH
  408  000018E  FF              	DB FFH
  409  000018F  FF              	DB FFH
  410  0000190  FF              	DB FFH
  411  0000191  FF              	DB FFH
  412  0000192  FF              	DB FFH
  413  0000193  FF              	DB FFH
  414  0000194  FF              	DB FFH
  415  0000195  FF              	DB FFH
  416  0000196  FF              	DB FFH
  417  0000197  FF              	DB FFH
  418  0000198  FF              	DB FFH
  419  0000199  FF              	DB FFH
  420  000019A  FF              	DB FFH
  421  000019B  FF              	DB FFH
  422  000019C  FF              	DB FFH
  423  000019D  FF              	DB FFH
  424  000019E  FF              	DB FFH
  425  000019F  FF              	DB FFH
  426  00001A0  FF              	DB FFH
  427  00001A1  FF              	DB FFH
  428  00001A2  FF              	DB FFH
  429  00001A3  FF              	DB FFH
  430  00001A4  FF              	DB FFH
  431  00001A5  FF              	DB FFH
  432  00001A6  FF              	DB FFH
  433  00001A7  FF              	DB FFH
  434  00001A8  FF              	DB FFH
  435  00001A9  FF              	DB FFH
  436  00001AA  FF              	DB FFH
  437  00001AB  FF              	DB FFH
  438  00001AC  FF              	DB FFH
  439  00001AD  FF              	DB FFH
  440  00001AE  FF              	DB FFH
  441  00001AF  FF              	DB FFH
  442  00001B0  FF              	DB FFH
  443  00001B1  FF              	DB FFH
  444  00001B2  FF              	DB FFH
  445  00001B3  FF              	DB FFH





  446  00001B4  FF              	DB FFH
  447  00001B5  FF              	DB FFH
  448  00001B6  FF              	DB FFH
  449  00001B7  FF              	DB FFH
  450  00001B8  FF              	DB FFH
  451  00001B9  FF              	DB FFH
  452  00001BA  FF              	DB FFH
  453  00001BB  FF              	DB FFH
  454  00001BC  FF              	DB FFH
  455  00001BD  FF              	DB FFH
  456  00001BE  FF              	DB FFH
  457  00001BF  FF              	DB FFH
  458  00001C0  FF              	DB FFH
  459  00001C1  FF              	DB FFH
  460  00001C2  FF              	DB FFH
  461  00001C3  FF              	DB FFH
  462  00001C4  FF              	DB FFH
  463  00001C5  FF              	DB FFH
  464  00001C6  FF              	DB FFH
  465  00001C7  FF              	DB FFH
  466  00001C8  FF              	DB FFH
  467  00001C9  FF              	DB FFH
  468  00001CA  FF              	DB FFH
  469  00001CB  FF              	DB FFH
  470  00001CC  FF              	DB FFH
  471  00001CD  FF              	DB FFH
  472  00001CE  FF              	DB FFH
  473  00001CF  FF              	DB FFH
  474  00001D0  FF              	DB FFH
  475  00001D1  FF              	DB FFH
  476  00001D2  FF              	DB FFH
  477  00001D3  FF              	DB FFH
  478  00001D4  FF              	DB FFH
  479  00001D5  FF              	DB FFH
  480  00001D6  FF              	DB FFH
  481  00001D7  FF              	DB FFH
  482  00001D8  FF              	DB FFH
  483  00001D9  FF              	DB FFH
  484  00001DA  FF              	DB FFH
  485  00001DB  FF              	DB FFH
  486  00001DC  FF              	DB FFH
  487  00001DD  FF              	DB FFH
  488  00001DE  FF              	DB FFH
  489  00001DF  FF              	DB FFH
  490  00001E0  FF              	DB FFH
  491  00001E1  FF              	DB FFH
  492  00001E2  FF              	DB FFH
  493  00001E3  FF              	DB FFH
  494  00001E4  FF              	DB FFH
  495  00001E5  FF              	DB FFH
  496  00001E6  FF              	DB FFH
  497  00001E7  FF              	DB FFH
  498  00001E8  FF              	DB FFH
  499  00001E9  FF              	DB FFH
  500  00001EA  FF              	DB FFH
  501  00001EB  FF              	DB FFH
  502  00001EC  FF              	DB FFH





  503  00001ED  FF              	DB FFH
  504  00001EE  FF              	DB FFH
  505  00001EF  FF              	DB FFH
  506  00001F0  FF              	DB FFH
  507  00001F1  FF              	DB FFH
  508  00001F2  FF              	DB FFH
  509  00001F3  FF              	DB FFH
  510  00001F4  FF              	DB FFH
  511  00001F5  FF              	DB FFH
  512  00001F6  FF              	DB FFH
  513  00001F7  FF              	DB FFH
  514  00001F8  FF              	DB FFH
  515  00001F9  FF              	DB FFH
  516  00001FA  FF              	DB FFH
  517  00001FB  FF              	DB FFH
  518  00001FC  FF              	DB FFH
  519  00001FD  FF              	DB FFH
  520  00001FE  FF              	DB FFH
  521  00001FF  FF              	DB FFH
  522  0000200  FF              	DB FFH
  523  0000201  FF              	DB FFH
  524  0000202  FF              	DB FFH
  525  0000203  FF              	DB FFH
  526  0000204  FF              	DB FFH
  527  0000205  FF              	DB FFH
  528  0000206  FF              	DB FFH
  529  0000207  FF              	DB FFH
  530  0000208  FF              	DB FFH
  531  0000209  FF              	DB FFH
  532  000020A  FF              	DB FFH
  533  000020B  FF              	DB FFH
  534  000020C  FF              	DB FFH
  535  000020D  FF              	DB FFH
  536  000020E  FF              	DB FFH
  537  000020F  FF              	DB FFH
  538  0000210  FF              	DB FFH
  539  0000211  FF              	DB FFH
  540  0000212  FF              	DB FFH
  541  0000213  FF              	DB FFH
  542  0000214  FF              	DB FFH
  543  0000215  FF              	DB FFH
  544  0000216  FF              	DB FFH
  545  0000217  FF              	DB FFH
  546  0000218  FF              	DB FFH
  547  0000219  FF              	DB FFH
  548  000021A  FF              	DB FFH
  549  000021B  FF              	DB FFH
  550  000021C  FF              	DB FFH
  551  000021D  FF              	DB FFH
  552  000021E  FF              	DB FFH
  553  000021F  FF              	DB FFH
  554  0000220  FF              	DB FFH
  555  0000221  FF              	DB FFH
  556  0000222  FF              	DB FFH
  557  0000223  FF              	DB FFH
  558  0000224  FF              	DB FFH
  559  0000225  FF              	DB FFH





  560  0000226  FF              	DB FFH
  561  0000227  FF              	DB FFH
  562  0000228  FF              	DB FFH
  563  0000229  FF              	DB FFH
  564  000022A  FF              	DB FFH
  565  000022B  FF              	DB FFH
  566  000022C  FF              	DB FFH
  567  000022D  FF              	DB FFH
  568  000022E  FF              	DB FFH
  569  000022F  FF              	DB FFH
  570  0000230  FF              	DB FFH
  571  0000231  FF              	DB FFH
  572  0000232  FF              	DB FFH
  573  0000233  FF              	DB FFH
  574  0000234  FF              	DB FFH
  575  0000235  FF              	DB FFH
  576  0000236  FF              	DB FFH
  577  0000237  FF              	DB FFH
  578  0000238  FF              	DB FFH
  579  0000239  FF              	DB FFH
  580  000023A  FF              	DB FFH
  581  000023B  FF              	DB FFH
  582  000023C  FF              	DB FFH
  583  000023D  FF              	DB FFH
  584  000023E  FF              	DB FFH
  585  000023F  FF              	DB FFH
  586  0000240  FF              	DB FFH
  587  0000241  FF              	DB FFH
  588  0000242  FF              	DB FFH
  589  0000243  FF              	DB FFH
  590  0000244  FF              	DB FFH
  591  0000245  FF              	DB FFH
  592  0000246  FF              	DB FFH
  593  0000247  FF              	DB FFH
  594  0000248  FF              	DB FFH
  595  0000249  FF              	DB FFH
  596  000024A  FF              	DB FFH
  597  000024B  FF              	DB FFH
  598  000024C  FF              	DB FFH
  599  000024D  FF              	DB FFH
  600  000024E  FF              	DB FFH
  601  000024F  FF              	DB FFH
  602  0000250  FF              	DB FFH
  603  0000251  FF              	DB FFH
  604  0000252  FF              	DB FFH
  605  0000253  FF              	DB FFH
  606  0000254  FF              	DB FFH
  607  0000255  FF              	DB FFH
  608  0000256  FF              	DB FFH
  609  0000257  FF              	DB FFH
  610  0000258  FF              	DB FFH
  611  0000259  FF              	DB FFH
  612  000025A  FF              	DB FFH
  613  000025B  FF              	DB FFH
  614  000025C  FF              	DB FFH
  615  000025D  FF              	DB FFH
  616  000025E  FF              	DB FFH





  617  000025F  FF              	DB FFH
  618  0000260  FF              	DB FFH
  619  0000261  FF              	DB FFH
  620  0000262  FF              	DB FFH
  621  0000263  FF              	DB FFH
  622  0000264  FF              	DB FFH
  623  0000265  FF              	DB FFH
  624  0000266  FF              	DB FFH
  625  0000267  FF              	DB FFH
  626  0000268  FF              	DB FFH
  627  0000269  FF              	DB FFH
  628  000026A  FF              	DB FFH
  629  000026B  FF              	DB FFH
  630  000026C  FF              	DB FFH
  631  000026D  FF              	DB FFH
  632  000026E  FF              	DB FFH
  633  000026F  FF              	DB FFH
  634  0000270  FF              	DB FFH
  635  0000271  FF              	DB FFH
  636  0000272  FF              	DB FFH
  637  0000273  FF              	DB FFH
  638  0000274  FF              	DB FFH
  639  0000275  FF              	DB FFH
  640  0000276  FF              	DB FFH
  641  0000277  FF              	DB FFH
  642  0000278  FF              	DB FFH
  643  0000279  FF              	DB FFH
  644  000027A  FF              	DB FFH
  645  000027B  FF              	DB FFH
  646  000027C  FF              	DB FFH
  647  000027D  FF              	DB FFH
  648  000027E  FF              	DB FFH
  649  000027F  FF              	DB FFH
  650  0000280  FF              	DB FFH
  651  0000281  FF              	DB FFH
  652  0000282  FF              	DB FFH
  653  0000283  FF              	DB FFH
  654  0000284  FF              	DB FFH
  655  0000285  FF              	DB FFH
  656  0000286  FF              	DB FFH
  657  0000287  FF              	DB FFH
  658  0000288  FF              	DB FFH
  659  0000289  FF              	DB FFH
  660  000028A  FF              	DB FFH
  661  000028B  FF              	DB FFH
  662  000028C  FF              	DB FFH
  663  000028D  FF              	DB FFH
  664  000028E  FF              	DB FFH
  665  000028F  FF              	DB FFH
  666  0000290  FF              	DB FFH
  667  0000291  FF              	DB FFH
  668  0000292  FF              	DB FFH
  669  0000293  FF              	DB FFH
  670  0000294  FF              	DB FFH
  671  0000295  FF              	DB FFH
  672  0000296  FF              	DB FFH
  673  0000297  FF              	DB FFH





  674  0000298  FF              	DB FFH
  675  0000299  FF              	DB FFH
  676  000029A  FF              	DB FFH
  677  000029B  FF              	DB FFH
  678  000029C  FF              	DB FFH
  679  000029D  FF              	DB FFH
  680  000029E  FF              	DB FFH
  681  000029F  FF              	DB FFH
  682  00002A0  FF              	DB FFH
  683  00002A1  FF              	DB FFH
  684  00002A2  FF              	DB FFH
  685  00002A3  FF              	DB FFH
  686  00002A4  FF              	DB FFH
  687  00002A5  FF              	DB FFH
  688  00002A6  FF              	DB FFH
  689  00002A7  FF              	DB FFH
  690  00002A8  FF              	DB FFH
  691  00002A9  FF              	DB FFH
  692  00002AA  FF              	DB FFH
  693  00002AB  FF              	DB FFH
  694  00002AC  FF              	DB FFH
  695  00002AD  FF              	DB FFH
  696  00002AE  FF              	DB FFH
  697  00002AF  FF              	DB FFH
  698  00002B0  FF              	DB FFH
  699  00002B1  FF              	DB FFH
  700  00002B2  FF              	DB FFH
  701  00002B3  FF              	DB FFH
  702  00002B4  FF              	DB FFH
  703  00002B5  FF              	DB FFH
  704  00002B6  FF              	DB FFH
  705  00002B7  FF              	DB FFH
  706  00002B8  FF              	DB FFH
  707  00002B9  FF              	DB FFH
  708  00002BA  FF              	DB FFH
  709  00002BB  FF              	DB FFH
  710  00002BC  FF              	DB FFH
  711  00002BD  FF              	DB FFH
  712  00002BE  FF              	DB FFH
  713  00002BF  FF              	DB FFH
  714  00002C0  FF              	DB FFH
  715  00002C1  FF              	DB FFH
  716  00002C2  FF              	DB FFH
  717  00002C3  FF              	DB FFH
  718  00002C4  FF              	DB FFH
  719  00002C5  FF              	DB FFH
  720  00002C6  FF              	DB FFH
  721  00002C7  FF              	DB FFH
  722  00002C8  FF              	DB FFH
  723  00002C9  FF              	DB FFH
  724  00002CA  FF              	DB FFH
  725  00002CB  FF              	DB FFH
  726  00002CC  FF              	DB FFH
  727  00002CD  FF              	DB FFH
  728  00002CE  FF              	DB FFH
  729  00002CF  FF              	DB FFH
  730  00002D0  FF              	DB FFH





  731  00002D1  FF              	DB FFH
  732  00002D2  FF              	DB FFH
  733  00002D3  FF              	DB FFH
  734  00002D4  FF              	DB FFH
  735  00002D5  FF              	DB FFH
  736  00002D6  FF              	DB FFH
  737  00002D7  FF              	DB FFH
  738  00002D8  FF              	DB FFH
  739  00002D9  FF              	DB FFH
  740  00002DA  FF              	DB FFH
  741  00002DB  FF              	DB FFH
  742  00002DC  FF              	DB FFH
  743  00002DD  FF              	DB FFH
  744  00002DE  FF              	DB FFH
  745  00002DF  FF              	DB FFH
  746  00002E0  FF              	DB FFH
  747  00002E1  FF              	DB FFH
  748  00002E2  FF              	DB FFH
  749  00002E3  FF              	DB FFH
  750  00002E4  FF              	DB FFH
  751  00002E5  FF              	DB FFH
  752  00002E6  FF              	DB FFH
  753  00002E7  FF              	DB FFH
  754  00002E8  FF              	DB FFH
  755  00002E9  FF              	DB FFH
  756  00002EA  FF              	DB FFH
  757  00002EB  FF              	DB FFH
  758  00002EC  FF              	DB FFH
  759  00002ED  FF              	DB FFH
  760  00002EE  FF              	DB FFH
  761  00002EF  FF              	DB FFH
  762  00002F0  FF              	DB FFH
  763  00002F1  FF              	DB FFH
  764  00002F2  FF              	DB FFH
  765  00002F3  FF              	DB FFH
  766  00002F4  FF              	DB FFH
  767  00002F5  FF              	DB FFH
  768  00002F6  FF              	DB FFH
  769  00002F7  FF              	DB FFH
  770  00002F8  FF              	DB FFH
  771  00002F9  FF              	DB FFH
  772  00002FA  FF              	DB FFH
  773  00002FB  FF              	DB FFH
  774  00002FC  FF              	DB FFH
  775  00002FD  FF              	DB FFH
  776  00002FE  FF              	DB FFH
  777  00002FF  FF              	DB FFH
  778  0000300  FF              	DB FFH
  779  0000301  FF              	DB FFH
  780  0000302  FF              	DB FFH
  781  0000303  FF              	DB FFH
  782  0000304  FF              	DB FFH
  783  0000305  FF              	DB FFH
  784  0000306  FF              	DB FFH
  785  0000307  FF              	DB FFH
  786  0000308  FF              	DB FFH
  787  0000309  FF              	DB FFH





  788  000030A  FF              	DB FFH
  789  000030B  FF              	DB FFH
  790  000030C  FF              	DB FFH
  791  000030D  FF              	DB FFH
  792  000030E  FF              	DB FFH
  793  000030F  FF              	DB FFH
  794  0000310  FF              	DB FFH
  795  0000311  FF              	DB FFH
  796  0000312  FF              	DB FFH
  797  0000313  FF              	DB FFH
  798  0000314  FF              	DB FFH
  799  0000315  FF              	DB FFH
  800  0000316  FF              	DB FFH
  801  0000317  FF              	DB FFH
  802  0000318  FF              	DB FFH
  803  0000319  FF              	DB FFH
  804  000031A  FF              	DB FFH
  805  000031B  FF              	DB FFH
  806  000031C  FF              	DB FFH
  807  000031D  FF              	DB FFH
  808  000031E  FF              	DB FFH
  809  000031F  FF              	DB FFH
  810  0000320  FF              	DB FFH
  811  0000321  FF              	DB FFH
  812  0000322  FF              	DB FFH
  813  0000323  FF              	DB FFH
  814  0000324  FF              	DB FFH
  815  0000325  FF              	DB FFH
  816  0000326  FF              	DB FFH
  817  0000327  FF              	DB FFH
  818  0000328  FF              	DB FFH
  819  0000329  FF              	DB FFH
  820  000032A  FF              	DB FFH
  821  000032B  FF              	DB FFH
  822  000032C  FF              	DB FFH
  823  000032D  FF              	DB FFH
  824  000032E  FF              	DB FFH
  825  000032F  FF              	DB FFH
  826  0000330  FF              	DB FFH
  827  0000331  FF              	DB FFH
  828  0000332  FF              	DB FFH
  829  0000333  FF              	DB FFH
  830  0000334  FF              	DB FFH
  831  0000335  FF              	DB FFH
  832  0000336  FF              	DB FFH
  833  0000337  FF              	DB FFH
  834  0000338  FF              	DB FFH
  835  0000339  FF              	DB FFH
  836  000033A  FF              	DB FFH
  837  000033B  FF              	DB FFH
  838  000033C  FF              	DB FFH
  839  000033D  FF              	DB FFH
  840  000033E  FF              	DB FFH
  841  000033F  FF              	DB FFH
  842  0000340  FF              	DB FFH
  843  0000341  FF              	DB FFH
  844  0000342  FF              	DB FFH





  845  0000343  FF              	DB FFH
  846  0000344  FF              	DB FFH
  847  0000345  FF              	DB FFH
  848  0000346  FF              	DB FFH
  849  0000347  FF              	DB FFH
  850  0000348  FF              	DB FFH
  851  0000349  FF              	DB FFH
  852  000034A  FF              	DB FFH
  853  000034B  FF              	DB FFH
  854  000034C  FF              	DB FFH
  855  000034D  FF              	DB FFH
  856  000034E  FF              	DB FFH
  857  000034F  FF              	DB FFH
  858  0000350  FF              	DB FFH
  859  0000351  FF              	DB FFH
  860  0000352  FF              	DB FFH
  861  0000353  FF              	DB FFH
  862  0000354  FF              	DB FFH
  863  0000355  FF              	DB FFH
  864  0000356  FF              	DB FFH
  865  0000357  FF              	DB FFH
  866  0000358  FF              	DB FFH
  867  0000359  FF              	DB FFH
  868  000035A  FF              	DB FFH
  869  000035B  FF              	DB FFH
  870  000035C  FF              	DB FFH
  871  000035D  FF              	DB FFH
  872  000035E  FF              	DB FFH
  873  000035F  FF              	DB FFH
  874  0000360  FF              	DB FFH
  875  0000361  FF              	DB FFH
  876  0000362  FF              	DB FFH
  877  0000363  FF              	DB FFH
  878  0000364  FF              	DB FFH
  879  0000365  FF              	DB FFH
  880  0000366  FF              	DB FFH
  881  0000367  FF              	DB FFH
  882  0000368  FF              	DB FFH
  883  0000369  FF              	DB FFH
  884  000036A  FF              	DB FFH
  885  000036B  FF              	DB FFH
  886  000036C  FF              	DB FFH
  887  000036D  FF              	DB FFH
  888  000036E  FF              	DB FFH
  889  000036F  FF              	DB FFH
  890  0000370  FF              	DB FFH
  891  0000371  FF              	DB FFH
  892  0000372  FF              	DB FFH
  893  0000373  FF              	DB FFH
  894  0000374  FF              	DB FFH
  895  0000375  FF              	DB FFH
  896  0000376  FF              	DB FFH
  897  0000377  FF              	DB FFH
  898  0000378  FF              	DB FFH
  899  0000379  FF              	DB FFH
  900  000037A  FF              	DB FFH
  901  000037B  FF              	DB FFH





  902  000037C  FF              	DB FFH
  903  000037D  FF              	DB FFH
  904  000037E  FF              	DB FFH
  905  000037F  FF              	DB FFH
  906  0000380  FF              	DB FFH
  907  0000381  FF              	DB FFH
  908  0000382  FF              	DB FFH
  909  0000383  FF              	DB FFH
  910  0000384  FF              	DB FFH
  911  0000385  FF              	DB FFH
  912  0000386  FF              	DB FFH
  913  0000387  FF              	DB FFH
  914  0000388  FF              	DB FFH
  915  0000389  FF              	DB FFH
  916  000038A  FF              	DB FFH
  917  000038B  FF              	DB FFH
  918  000038C  FF              	DB FFH
  919  000038D  FF              	DB FFH
  920  000038E  FF              	DB FFH
  921  000038F  FF              	DB FFH
  922  0000390  FF              	DB FFH
  923  0000391  FF              	DB FFH
  924  0000392  FF              	DB FFH
  925  0000393  FF              	DB FFH
  926  0000394  FF              	DB FFH
  927  0000395  FF              	DB FFH
  928  0000396  FF              	DB FFH
  929  0000397  FF              	DB FFH
  930  0000398  FF              	DB FFH
  931  0000399  FF              	DB FFH
  932  000039A  FF              	DB FFH
  933  000039B  FF              	DB FFH
  934  000039C  FF              	DB FFH
  935  000039D  FF              	DB FFH
  936  000039E  FF              	DB FFH
  937  000039F  FF              	DB FFH
  938  00003A0  FF              	DB FFH
  939  00003A1  FF              	DB FFH
  940  00003A2  FF              	DB FFH
  941  00003A3  FF              	DB FFH
  942  00003A4  FF              	DB FFH
  943  00003A5  FF              	DB FFH
  944  00003A6  FF              	DB FFH
  945  00003A7  FF              	DB FFH
  946  00003A8  FF              	DB FFH
  947  00003A9  FF              	DB FFH
  948  00003AA  FF              	DB FFH
  949  00003AB  FF              	DB FFH
  950  00003AC  FF              	DB FFH
  951  00003AD  FF              	DB FFH
  952  00003AE  FF              	DB FFH
  953  00003AF  FF              	DB FFH
  954  00003B0  FF              	DB FFH
  955  00003B1  FF              	DB FFH
  956  00003B2  FF              	DB FFH
  957  00003B3  FF              	DB FFH
  958  00003B4  FF              	DB FFH





  959  00003B5  FF              	DB FFH
  960  00003B6  FF              	DB FFH
  961  00003B7  FF              	DB FFH
  962  00003B8  FF              	DB FFH
  963  00003B9  FF              	DB FFH
  964  00003BA  FF              	DB FFH
  965  00003BB  FF              	DB FFH
  966  00003BC  FF              	DB FFH
  967  00003BD  FF              	DB FFH
  968  00003BE  FF              	DB FFH
  969  00003BF  FF              	DB FFH
  970  00003C0  FF              	DB FFH
  971  00003C1  FF              	DB FFH
  972  00003C2  FF              	DB FFH
  973  00003C3  FF              	DB FFH
  974  00003C4  FF              	DB FFH
  975  00003C5  FF              	DB FFH
  976  00003C6  FF              	DB FFH
  977  00003C7  FF              	DB FFH
  978  00003C8  FF              	DB FFH
  979  00003C9  FF              	DB FFH
  980  00003CA  FF              	DB FFH
  981  00003CB  FF              	DB FFH
  982  00003CC  FF              	DB FFH
  983  00003CD  FF              	DB FFH
  984  00003CE  FF              	DB FFH
  985  00003CF  FF              	DB FFH
  986  00003D0  FF              	DB FFH
  987  00003D1  FF              	DB FFH
  988  00003D2  FF              	DB FFH
  989  00003D3  FF              	DB FFH
  990  00003D4  FF              	DB FFH
  991  00003D5  FF              	DB FFH
  992  00003D6  FF              	DB FFH
  993  00003D7  FF              	DB FFH
  994  00003D8  FF              	DB FFH
  995  00003D9  FF              	DB FFH
  996  00003DA  FF              	DB FFH
  997  00003DB  FF              	DB FFH
  998  00003DC  FF              	DB FFH
  999  00003DD  FF              	DB FFH
 1000  00003DE  FF              	DB FFH
 1001  00003DF  FF              	DB FFH
 1002  00003E0  FF              	DB FFH
 1003  00003E1  FF              	DB FFH
 1004  00003E2  FF              	DB FFH
 1005  00003E3  FF              	DB FFH
 1006  00003E4  FF              	DB FFH
 1007  00003E5  FF              	DB FFH
 1008  00003E6  FF              	DB FFH
 1009  00003E7  FF              	DB FFH
 1010  00003E8  FF              	DB FFH
 1011  00003E9  FF              	DB FFH
 1012  00003EA  FF              	DB FFH
 1013  00003EB  FF              	DB FFH
 1014  00003EC  FF              	DB FFH
 1015  00003ED  FF              	DB FFH





 1016  00003EE  FF              	DB FFH
 1017  00003EF  FF              	DB FFH
 1018  00003F0  FF              	DB FFH
 1019  00003F1  FF              	DB FFH
 1020  00003F2  FF              	DB FFH
 1021  00003F3  FF              	DB FFH
 1022  00003F4  FF              	DB FFH
 1023  00003F5  FF              	DB FFH
 1024  00003F6  FF              	DB FFH
 1025  00003F7  FF              	DB FFH
 1026  00003F8  FF              	DB FFH
 1027  00003F9  FF              	DB FFH
 1028  00003FA  FF              	DB FFH
 1029  00003FB  FF              	DB FFH
 1030  00003FC  FF              	DB FFH
 1031  00003FD  FF              	DB FFH
 1032  00003FE  FF              	DB FFH
 1033  00003FF  FF              	DB FFH
 1034  0000400                   	ENDS
 1035  0000000                   ;**The following is audio external**
 1036  0000000                   ;**The following is sentence label**
 1037  0000000                   ;**The following is INIT_DECODE_SPEECH label**
 1038  0000000                   	EXT_PROGRAM: SECTION
 1039  0000000                   	ENDS
 1040  0000000                   
		Line(s) Assembled : 1040
		Error(s): 0
		Warn(s) : 0
		Begin Assembling Time : Thu Aug 18 09:50:11 2022
		End   Assembling Time : Thu Aug 18 09:50:11 2022

