Wed Sep 15 09:38:35 2021







	Macro Assembler  -  Version 1.00.0
		-----------------------------------------------

		Input  Filename : D:\SourceCode\_Avery_M031\M031BSP_NSP_TwoWireSample\NSP_project\RINGRING_NSP480A\CpuIf\VP_CpuIf_NSP481_SOP8_PlayListTable\PlayListTable_Segment0000.asm.app
		Output Filename : D:\SourceCode\_Avery_M031\M031BSP_NSP_TwoWireSample\NSP_project\RINGRING_NSP480A\CpuIf\Code_Release\PlayListTable_Segment0000.oc


    1  0000000                   	_@PLAYLISTTABLE_SEGMENTINT00: SECTION
    2  0000000                   _@PLAYLISTTABLE_SEGMENTINT00_label:
    3  0000000                   	.PUBLIC _@STARTADDR_PLAYLIST_TABLE
    4  0000000                   
    5  0000000                   _@STARTADDR_PLAYLIST_TABLE:
    6  0000000                   _@PROJECT_ID:
    7  0000000  00              	DB 00H ; 1 --> _@PROJECT_ID:
    8  0000001  00              	DB 00H ; 2 --> _@PROJECT_ID:
    9  0000002  00              	DB 00H ; 3 --> _@PROJECT_ID:
   10  0000003  00              	DB 00H ; 4 --> _@PROJECT_ID:
   11  0000004                   _@CHIP_PDID:
   12  0000004  89              	DB 89H ; 5 --> _@CHIP_PDID:
   13  0000005  54              	DB 54H ; 6 --> _@CHIP_PDID:
   14  0000006  81              	DB 81H ; 7 --> _@CHIP_PDID:
   15  0000007  7F              	DB 7FH ; 8 --> _@CHIP_PDID:
   16  0000008                   _@INDEXTABLE:
   17  0000008  07              	DB 07H ; 9 --> _@INDEXTABLE:IndexTableCount(Low)
   18  0000009  00              	DB 00H ; 10 --> _@INDEXTABLE:IndexTableCount(Hign)
   19  000000A  00              	DB 00H ; 11 --> _@INDEXTABLE:Redundant byte
   20  000000B  00              	DB 00H ; 12 --> _@INDEXTABLE:Redundant byte
   21  000000C  2C              	DB 2CH ; 13 --> _@TABLE_PLAYLIST1:
   22  000000D  00              	DB 00H ; 14 --> _@TABLE_PLAYLIST1:
   23  000000E  00              	DB 00H ; 15 --> _@TABLE_PLAYLIST1:
   24  000000F  00              	DB 00H ; 16 --> _@TABLE_PLAYLIST1:
   25  0000010  34              	DB 34H ; 17 --> _@TABLE_PLAYLIST2:
   26  0000011  00              	DB 00H ; 18 --> _@TABLE_PLAYLIST2:
   27  0000012  00              	DB 00H ; 19 --> _@TABLE_PLAYLIST2:
   28  0000013  00              	DB 00H ; 20 --> _@TABLE_PLAYLIST2:
   29  0000014  3C              	DB 3CH ; 21 --> _@TABLE_PLAYLIST3:
   30  0000015  00              	DB 00H ; 22 --> _@TABLE_PLAYLIST3:
   31  0000016  00              	DB 00H ; 23 --> _@TABLE_PLAYLIST3:
   32  0000017  00              	DB 00H ; 24 --> _@TABLE_PLAYLIST3:
   33  0000018  44              	DB 44H ; 25 --> _@TABLE_PLAYLIST4:
   34  0000019  00              	DB 00H ; 26 --> _@TABLE_PLAYLIST4:
   35  000001A  00              	DB 00H ; 27 --> _@TABLE_PLAYLIST4:
   36  000001B  00              	DB 00H ; 28 --> _@TABLE_PLAYLIST4:
   37  000001C  4C              	DB 4CH ; 29 --> _@TABLE_PLAYLIST5:
   38  000001D  00              	DB 00H ; 30 --> _@TABLE_PLAYLIST5:
   39  000001E  00              	DB 00H ; 31 --> _@TABLE_PLAYLIST5:
   40  000001F  00              	DB 00H ; 32 --> _@TABLE_PLAYLIST5:
   41  0000020  54              	DB 54H ; 33 --> _@TABLE_PLAYLIST6:
   42  0000021  00              	DB 00H ; 34 --> _@TABLE_PLAYLIST6:
   43  0000022  00              	DB 00H ; 35 --> _@TABLE_PLAYLIST6:
   44  0000023  00              	DB 00H ; 36 --> _@TABLE_PLAYLIST6:
   45  0000024  5C              	DB 5CH ; 37 --> _@TABLE_PLAYLIST7:
   46  0000025  00              	DB 00H ; 38 --> _@TABLE_PLAYLIST7:





   47  0000026  00              	DB 00H ; 39 --> _@TABLE_PLAYLIST7:
   48  0000027  00              	DB 00H ; 40 --> _@TABLE_PLAYLIST7:
   49  0000028                   _@TABLE_PLAYLIST_EMPTY:
   50  0000028  00              	DB 00H ; 41 --> _@TABLE_PLAYLIST_EMPTY:ResCount
   51  0000029  00              	DB 00H ; 42 --> _@TABLE_PLAYLIST_EMPTY:ResCount
   52  000002A  00              	DB 00H ; 43 --> _@TABLE_PLAYLIST_EMPTY:ResCount
   53  000002B  00              	DB 00H ; 44 --> _@TABLE_PLAYLIST_EMPTY:ResCount
   54  000002C                   _@TABLE_PLAYLIST1:
   55  000002C  01              	DB 01H ; 45 --> _@TABLE_PLAYLIST1:ResCount
   56  000002D  00              	DB 00H ; 46 --> _@TABLE_PLAYLIST1:ResCount
   57  000002E  00              	DB 00H ; 47 --> _@TABLE_PLAYLIST1:ResCount
   58  000002F  00              	DB 00H ; 48 --> _@TABLE_PLAYLIST1:ResCount
   59  0000030  00              	DB .LOW._ALIAS_EQU_1_128_16000_1 ; 49
   60  0000031  00              	DB .HIGH._ALIAS_EQU_1_128_16000_1 ; 50
   61  0000032  00              	DB .HIGH8._ALIAS_EQU_1_128_16000_1 ; 51
   62  0000033  00              	DB 00H ; 52 --> _ALIAS_EQU_1_128_16000_1:Silence
   63  0000034                   _@TABLE_PLAYLIST2:
   64  0000034  01              	DB 01H ; 53 --> _@TABLE_PLAYLIST2:ResCount
   65  0000035  00              	DB 00H ; 54 --> _@TABLE_PLAYLIST2:ResCount
   66  0000036  00              	DB 00H ; 55 --> _@TABLE_PLAYLIST2:ResCount
   67  0000037  00              	DB 00H ; 56 --> _@TABLE_PLAYLIST2:ResCount
   68  0000038  00              	DB .LOW._ALIAS_EQU_1_128_16000_2 ; 57
   69  0000039  00              	DB .HIGH._ALIAS_EQU_1_128_16000_2 ; 58
   70  000003A  00              	DB .HIGH8._ALIAS_EQU_1_128_16000_2 ; 59
   71  000003B  00              	DB 00H ; 60 --> _ALIAS_EQU_1_128_16000_2:Silence
   72  000003C                   _@TABLE_PLAYLIST3:
   73  000003C  01              	DB 01H ; 61 --> _@TABLE_PLAYLIST3:ResCount
   74  000003D  00              	DB 00H ; 62 --> _@TABLE_PLAYLIST3:ResCount
   75  000003E  00              	DB 00H ; 63 --> _@TABLE_PLAYLIST3:ResCount
   76  000003F  00              	DB 00H ; 64 --> _@TABLE_PLAYLIST3:ResCount
   77  0000040  00              	DB .LOW._ALIAS_EQU_1_128_16000_3 ; 65
   78  0000041  00              	DB .HIGH._ALIAS_EQU_1_128_16000_3 ; 66
   79  0000042  00              	DB .HIGH8._ALIAS_EQU_1_128_16000_3 ; 67
   80  0000043  00              	DB 00H ; 68 --> _ALIAS_EQU_1_128_16000_3:Silence
   81  0000044                   _@TABLE_PLAYLIST4:
   82  0000044  01              	DB 01H ; 69 --> _@TABLE_PLAYLIST4:ResCount
   83  0000045  00              	DB 00H ; 70 --> _@TABLE_PLAYLIST4:ResCount
   84  0000046  00              	DB 00H ; 71 --> _@TABLE_PLAYLIST4:ResCount
   85  0000047  00              	DB 00H ; 72 --> _@TABLE_PLAYLIST4:ResCount
   86  0000048  00              	DB .LOW._ALIAS_EQU_1_128_16000_4 ; 73
   87  0000049  00              	DB .HIGH._ALIAS_EQU_1_128_16000_4 ; 74
   88  000004A  00              	DB .HIGH8._ALIAS_EQU_1_128_16000_4 ; 75
   89  000004B  00              	DB 00H ; 76 --> _ALIAS_EQU_1_128_16000_4:Silence
   90  000004C                   _@TABLE_PLAYLIST5:
   91  000004C  01              	DB 01H ; 77 --> _@TABLE_PLAYLIST5:ResCount
   92  000004D  00              	DB 00H ; 78 --> _@TABLE_PLAYLIST5:ResCount
   93  000004E  00              	DB 00H ; 79 --> _@TABLE_PLAYLIST5:ResCount
   94  000004F  00              	DB 00H ; 80 --> _@TABLE_PLAYLIST5:ResCount
   95  0000050  00              	DB .LOW._ALIAS_EQU_1_128_16000_5 ; 81
   96  0000051  00              	DB .HIGH._ALIAS_EQU_1_128_16000_5 ; 82
   97  0000052  00              	DB .HIGH8._ALIAS_EQU_1_128_16000_5 ; 83
   98  0000053  00              	DB 00H ; 84 --> _ALIAS_EQU_1_128_16000_5:Silence
   99  0000054                   _@TABLE_PLAYLIST6:
  100  0000054  01              	DB 01H ; 85 --> _@TABLE_PLAYLIST6:ResCount
  101  0000055  00              	DB 00H ; 86 --> _@TABLE_PLAYLIST6:ResCount
  102  0000056  00              	DB 00H ; 87 --> _@TABLE_PLAYLIST6:ResCount
  103  0000057  00              	DB 00H ; 88 --> _@TABLE_PLAYLIST6:ResCount





  104  0000058  00              	DB .LOW._ALIAS_EQU_1_128_16000_RESCRC2808FB41_151549 ; 89
  105  0000059  00              	DB .HIGH._ALIAS_EQU_1_128_16000_RESCRC2808FB41_151549 ; 90
  106  000005A  00              	DB .HIGH8._ALIAS_EQU_1_128_16000_RESCRC2808FB41_151549 ; 91
  107  000005B  00              	DB 00H ; 92 --> _ALIAS_EQU_1_128_16000_RESCRC2808FB41_151549:Silence
  108  000005C                   _@TABLE_PLAYLIST7:
  109  000005C  01              	DB 01H ; 93 --> _@TABLE_PLAYLIST7:ResCount
  110  000005D  00              	DB 00H ; 94 --> _@TABLE_PLAYLIST7:ResCount
  111  000005E  00              	DB 00H ; 95 --> _@TABLE_PLAYLIST7:ResCount
  112  000005F  00              	DB 00H ; 96 --> _@TABLE_PLAYLIST7:ResCount
  113  0000060  00              	DB .LOW._ALIAS_EQU_1_128_16000_RESCRC8E3945CE_110353 ; 97
  114  0000061  00              	DB .HIGH._ALIAS_EQU_1_128_16000_RESCRC8E3945CE_110353 ; 98
  115  0000062  00              	DB .HIGH8._ALIAS_EQU_1_128_16000_RESCRC8E3945CE_110353 ; 99
  116  0000063  00              	DB 00H ; 100 --> _ALIAS_EQU_1_128_16000_RESCRC8E3945CE_110353:Silence
  117  0000064                   	ENDS
  118  0000000                   	EXTERN _ALIAS_EQU_1_128_16000_1
  119  0000000                   	EXTERN _ALIAS_EQU_1_128_16000_2
  120  0000000                   	EXTERN _ALIAS_EQU_1_128_16000_3
  121  0000000                   	EXTERN _ALIAS_EQU_1_128_16000_4
  122  0000000                   	EXTERN _ALIAS_EQU_1_128_16000_5
  123  0000000                   	EXTERN _ALIAS_EQU_1_128_16000_RESCRC2808FB41_151549
  124  0000000                   	EXTERN _ALIAS_EQU_1_128_16000_RESCRC8E3945CE_110353
  125  0000000                   ;**The following is audio external**
  126  0000000                   ;**The following is sentence label**
  127  0000000                   ;**The following is INIT_DECODE_SPEECH label**
  128  0000000                   	EXT_PROGRAM: SECTION
  129  0000000                   	ENDS
  130  0000000                   
		Line(s) Assembled : 130
		Error(s): 0
		Warn(s) : 0
		Begin Assembling Time : Wed Sep 15 09:38:35 2021
		End   Assembling Time : Wed Sep 15 09:38:35 2021

