Thu Sep 02 11:49:13 2021







	Macro Assembler  -  Version 1.00.0
		-----------------------------------------------

		Input  Filename : D:\11101465\03_Nuvoton\00_Datasheet\#9_Audio Enhancement\NSP\sample code\NSP playlist project\RINGRING\DemoKit\SysClk.asm.app
		Output Filename : D:\11101465\03_Nuvoton\00_Datasheet\#9_Audio Enhancement\NSP\sample code\NSP playlist project\RINGRING\DemoKit\SysClk.oc


    1  0000000                   	CHIP 65C02
    2  0000000                   	SYMBOLS
    3  0000000                   	LINKLIST
    4  0000000                   	DEBUG asm
    5  0000000                   
    6  0000000                   	INCLUDE SYS_DEF_EQU.INI
    7  0000000                   	SYMBOLS
    8  0000000                   	LINKLIST
    9  0000000                   	DEBUG  	ASM
   10  0000000                   	LINEAR	ON
   11  0000000                   	LONGA	OFF
   12  0000000                   	LONGI	OFF
   13  0000000                   	
   14  0000000                   ;====================================================
   15  0000000                   ;====================================================
   16  0000000                   CHECKSUM_ADDR		EQU 00H
   17  0000000                   CHECKSUM_ADDR1		EQU 01H
   18  0000000                   CHECK_RESULT		EQU	02H
   19  0000000                   CHECKSUM_33TH		EQU 107EH
   20  0000000                   CHECKSUM_34TH		EQU 107FH
   21  0000000                   
   22  0000000                   ;====================================================
   23  0000000                   INT0_PORT	EQU 		01H
   24  0000000                   INT0_TMA	EQU 		02H
   25  0000000                   INT0_RESUME	EQU			04H
   26  0000000                   INT0_INTRF	EQU			08H		
   27  0000000                   INT0_TMG	EQU 		10H
   28  0000000                   INT0_FXF10	EQU 		20H
   29  0000000                   INT0_FXF13	EQU 		40H
   30  0000000                   INT0_FXF15	EQU 		80H
   31  0000000                   
   32  0000000                   INT1_SLD	EQU 		01H
   33  0000000                   INT1_ADC	EQU 		04H
   34  0000000                   INT1_LRCT	EQU 		08H
   35  0000000                   
   36  0000000                   TMA_IR_TX		EQU		80H
   37  0000000                   TMG_TOUCH		EQU		10H
   38  0000000                   
   39  0000000                   SYNF_ABANDON	EQU		01H
   40  0000000                   SYNF_END		EQU		08H
   41  0000000                   SYNF_PCM		EQU		10H
   42  0000000                   SYNF_SILENCE	EQU		20H
   43  0000000                   SYNF_EVENT		EQU		40H
   44  0000000                   SYNF_GAIN		EQU		80H
   45  0000000                   SYNV_VOL_BYPASS	EQU		80H
   46  0000000                   





   47  0000000                   PWMC_BP0_DIV1	EQU		00H
   48  0000000                   PWMC_BP0_DIV2	EQU		01H
   49  0000000                   PWMC_BP0_DIV4	EQU		02H
   50  0000000                   PWMC_BP0_DIV32	EQU		03H
   51  0000000                   PWMC_BP0_DIV64	EQU		04H
   52  0000000                   PWMC_BP0_DIV128	EQU		05H
   53  0000000                   PWMC_BP0_DIV256	EQU		06H
   54  0000000                   PWMC_BP0_DIV512	EQU		07H
   55  0000000                   PWMC_BP1_DIV1	EQU		00H
   56  0000000                   PWMC_BP1_DIV2	EQU		10H
   57  0000000                   PWMC_BP1_DIV4	EQU		20H
   58  0000000                   PWMC_BP1_DIV32	EQU		30H
   59  0000000                   PWMC_BP1_DIV64	EQU		40H
   60  0000000                   PWMC_BP1_DIV128	EQU		50H
   61  0000000                   PWMC_BP1_DIV256	EQU		60H
   62  0000000                   PWMC_BP1_DIV512	EQU		70H
   63  0000000                   
   64  0000000                   ;BP00_PWM	EQU		01H
   65  0000000                   ;BP01_PWM	EQU		02H
   66  0000000                   ;BP02_PWM	EQU		04H
   67  0000000                   ;BP03_PWM	EQU		08H
   68  0000000                   ;BP04_PWM	EQU		10H
   69  0000000                   ;BP05_PWM	EQU		20H
   70  0000000                   ;BP10_PWM	EQU		01H
   71  0000000                   ;BP11_PWM	EQU		02H
   72  0000000                   ;BP12_PWM	EQU		04H
   73  0000000                   
   74  0000000                   RSTF_WDT	EQU		02H
   75  0000000                   
   76  0000000                   WAKEF_PORT	EQU		01H
   77  0000000                   WAKEF_LRC	EQU		02H
   78  0000000                   WAKEF_IRWU	EQU		04H
   79  0000000                   WAKEF_RESETB	EQU		08H
   80  0000000                   WAKEF_LVR	EQU		10H
   81  0000000                   WAKEF_POR	EQU		20H
   82  0000000                   WAKEF_RST_SRC	EQU		80H
   83  0000000                   
   84  0000000                   STOP_FLAG	EQU		5AH
   85  0000000                   WDTC_CLR	EQU		01H
   86  0000000                   
   87  0000000                   LVDC_EN		EQU		01H
   88  0000000                   LDVC_21V	EQU		01H
   89  0000000                   LDVC_24V	EQU		03H
   90  0000000                   LDVC_27V	EQU		05H
   91  0000000                   LDVC_30V	EQU		07H
   92  0000000                   LDVC_33V	EQU		09H
   93  0000000                   LDVC_EXT	EQU		0BH
   94  0000000                   LDVC_DETECT	EQU		80H
   95  0000000                   
   96  0000000                   CAPS_SINK	EQU		08H
   97  0000000                   CAPS_2UA	EQU		00H
   98  0000000                   CAPS_4UA	EQU		10H	
   99  0000000                   CAPS_6UA	EQU		20H
  100  0000000                   CAPS_8UA	EQU		30H
  101  0000000                   CAPS_EN		EQU		40H
  102  0000000                   
  103  0000000                   LRCC_EN		EQU		01H





  104  0000000                   LRCC_IR_WAKEUP	EQU		02H
  105  0000000                   LRCC_IR_DHI	EQU		40H
  106  0000000                   LRCC_IR_RX	EQU		80H
  107  0000000                   
  108  0000000                   IRWD_DIV8	EQU		00H
  109  0000000                   IRWD_DIV32	EQU		01H
  110  0000000                   IRWD_DIV128	EQU		02H
  111  0000000                   IRWD_DIV512	EQU		03H
  112  0000000                   
  113  0000000                   SPIC_EN		EQU		01H
  114  0000000                   SPIC_DIV1	EQU		00H
  115  0000000                   SPIC_DIV2	EQU		20H
  116  0000000                   SPIC_DIV4	EQU		40H
  117  0000000                   SPIC_DIV8	EQU		60H
  118  0000000                   SPIC_DONE	EQU		80H
  119  0000000                   
  120  0000000                   ADRC_EN		EQU		01H
  121  0000000                   ADRC_START	EQU		02H
  122  0000000                   ADRC_BP14	EQU		00H
  123  0000000                   ADRC_BP15	EQU		04H
  124  0000000                   ADRC_BP16	EQU		08H
  125  0000000                   ADRC_BP17	EQU		0CH
  126  0000000                   ADRC_BP14_AN	EQU		10H
  127  0000000                   ADRC_BP15_AN	EQU		24H
  128  0000000                   ADRC_BP16_AN	EQU		48H
  129  0000000                   ADRC_BP17_AN	EQU		8CH
  130  0000000                   
  131  0000000                   LDOEN_EN	EQU		01H
  132  0000000                   
  133  0000000                   ISP_EN				EQU	01H
  134  0000000                   ISP_EN_PP			EQU 02H
  135  0000000                   ISP_EN_USRCFG		EQU 04H
  136  0000000                   ISP_ERR_FLAG		EQU 08H
  137  0000000                   ISP_DONE			EQU 01H
  138  0000000                   ISP_CMD_STAND		EQU	30H
  139  0000000                   ISP_CMD_READ		EQU	00H
  140  0000000                   ISP_CMD_PROGRAM		EQU 21H
  141  0000000                   ISP_CMD_ERASE_PAGE	EQU	22H
  142  0000000                   ISP_CMD_CID			EQU 0BH
  143  0000000                   ISP_CMD_DID			EQU 0CH
  144  0000000                   
  145  0000000                   ; 
  146  0000000                   ;
  147  0000000                   ; |----------------------|
  148  0000000                   ; |         Stack        |
  149  0000000                   ; |----------------------| SHM_RAM_BEGIN
  150  0000000                   ; | HW Engine Shared RAM |  
  151  0000000                   ; |----------------------| RAM_END (SHM_RAM_END)
  152  0000000                   ;;;;;;;;;;;;;;;;;;;;;;;;;;;;;;;;;;;;;;;;;;;;;;;;;;;;;
  153  0000000                   
  154  0000000                   .IF	 (PARTNO='N589B080').OR.(PARTNO='N589C080').OR.(PARTNO='N589D080').OR.(PARTNO='N589D081')
  155  0000000                   SYS_PQ				EQU (1FH << 1)
  156  0000000                   .ENDIF
  157  0000000                   .IF	 (PARTNO='N589B120').OR.(PARTNO='N589C120').OR.(PARTNO='N589D120').OR.(PARTNO='N589D121')
  158  0000000                   SYS_PQ				EQU (27H << 1)
  159  0000000                   .ENDIF
  160  0000000                   .IF	 (PARTNO='N589A080').OR.(PARTNO='N589B170').OR.(PARTNO='N589C170').OR.(PARTNO='N589D170').OR.(PARTNO='N589D171')





  161  0000000                   SYS_PQ				EQU (2FH << 1)
  162  0000000                   .ENDIF
  163  0000000                   .IF	 (PARTNO='N589A150').OR.(PARTNO='N589B200').OR.(PARTNO='N589C200').OR.(PARTNO='N589D200').OR.(PARTNO='N589D201')
  164  0000000                   SYS_PQ				EQU (3FH << 1)
  165  0000000                   .ENDIF
  166  0000000                   .IF	 (PARTNO='N589A200').OR.(PARTNO='N589B250').OR.(PARTNO='N589C250').OR.(PARTNO='N589D250').OR.(PARTNO='N589D251')
  167  0000000                   SYS_PQ				EQU (4FH << 1)
  168  0000000                   .ENDIF
  169  0000000                   .IF	 (PARTNO='N589A280').OR.(PARTNO='N589B340').OR.(PARTNO='N589C340').OR.(PARTNO='N589D340').OR.(PARTNO='N589D341')
  170  0000000                   SYS_PQ				EQU (5FH << 1)
  171  0000000                   .ENDIF
  172  0000000                   .IF	 (PARTNO='N589D481')
  173  0000000                   SYS_PQ				EQU (7FH << 1)
  174  0000000                   .ENDIF
  175  0000000                   
  176  0000000                   .IF	 (PARTNO='N589A400').OR.(PARTNO='N589B480').OR.(PARTNO='N589B480N').OR.(PARTNO='N589C480')
  177  0000000                   SYS_PQ				EQU 07FH
  178  0000000                   .ENDIF
  179  0000000                   .IF	 (PARTNO='N589A600').OR.(PARTNO='N589B650').OR.(PARTNO='N589C650').OR.(PARTNO='N589D650').OR.(PARTNO='N589D650N')
  180  0000000                   SYS_PQ				EQU 0BFH
  181  0000000                   .ENDIF
  182  0000000                   .IF	 (PARTNO='N589A900').OR.(PARTNO='N589B960').OR.(PARTNO='N589C960').OR.(PARTNO='N589D960').OR.(PARTNO='N589D960N')
  183  0000000                   SYS_PQ				EQU 0FFH
  184  0000000                   .ENDIF
  185  0000000                   
  186  0000000                   RAM_BEGIN		EQU 00H
  187  0000000                   
  188  0000000                   .IF (CHIPSERIES = 'N589A').OR.(CHIPSERIES = 'N589B').OR.(CHIPSERIES = 'N589C')
  189  0000000                   RAM_END			EQU 1FFH
  190  0000000                   .ENDIF
  191  0000000                   
  192  0000000                   .IF (CHIPSERIES = 'N589D')
  193  0000000                   	.IF	(MAINBODY='A340').OR.(MAINBODY='D171').OR.(MAINBODY='D481')
  194  0000000                   RAM_END			EQU 17FH
  195  0000000                   	.ENDIF
  196  0000000                   	.IF	(MAINBODY='A960')
  197  0000000                   RAM_END			EQU 1FFH
  198  0000000                   	.ENDIF
  199  0000000                   .ENDIF
  200  0000000                   
  201  0000000                   DPD_RAM_BEGIN	EQU 0F00H		
  202  0000000                   DPD_RAM_END		EQU 0F1FH
  203  0000000                   
  204  0000000                   ;;;;;;;;;;;;;;;;;;;;;;;;;;;;;;;;;;;;;;;;;;;;;;;;;;;;;
  205  0000000                   
  206  0000000                   ;====================================================
  207  0000000                   ; A340 & D171 & D481 series
  208  0000000                   ;====================================================
  209  0000000                   .IF	(MAINBODY='A340').OR.(MAINBODY='D171').OR.(MAINBODY='D481')
  210  0000000                   SFR_BASE	EQU 	0F80H
  211  0000000                   
  212  0000000                   INTRF		EQU		0FB8H
  213  0000000                   HWENG		EQU		0FBAH
  214  0000000                   CFGULK		EQU		0FBBH
  215  0000000                   SYSCFG0		EQU		0FBCH
  216  0000000                   SYSCFG1		EQU		0FBDH
  217  0000000                   SYSCFG2		EQU		0FBEH





  218  0000000                   SYSCFG3		EQU		0FBFH
  219  0000000                   SYSCFG4		EQU		0FBCH
  220  0000000                   SYSCFG5		EQU		0FC4H
  221  0000000                   SYSCFG6		EQU		0FB4H
  222  0000000                   SYSCFG7		EQU		0FCCH
  223  0000000                   
  224  0000000                   BP0			EQU		0F80H
  225  0000000                   BP0R		EQU		0F80H
  226  0000000                   BP0D		EQU		0F84H
  227  0000000                   BP0M		EQU		0F88H
  228  0000000                   BP0EN		EQU		0F98H
  229  0000000                   
  230  0000000                   BP1			EQU		0F81H
  231  0000000                   BP1R		EQU		0F81H
  232  0000000                   BP1D		EQU		0F85H
  233  0000000                   BP1M		EQU		0F89H
  234  0000000                   BP1EN		EQU		0F99H
  235  0000000                   
  236  0000000                   ;.IF (PARTNO='N589A080').OR.(PARTNO='N589A150').OR.(PARTNO='N589A200').OR.(PARTNO='N589A280').OR.(PARTNO='N589A900').OR.(PARTNO='N589B080').OR.(PARTNO='N589B120').OR.(PARTNO='N589B170').OR.(PARTNO='N589B200').OR.(PARTNO='N589B250').OR.(PARTNO='N589B340').OR.(PARTNO='N589C080').OR.(PARTNO='N589C120').OR.(PARTNO='N589C170').OR.(PARTNO='N589C200').OR.(PARTNO='N589C250').OR.(PARTNO='N589C340').OR.(PARTNO='N589D080').OR.(PARTNO='N589D120').OR.(PARTNO='N589D170').OR.(PARTNO='N589D200').OR.(PARTNO='N589D250').OR.(PARTNO='N589D340').OR.(PARTNO='N589D081').OR.(PARTNO='N589D121').OR.(PARTNO='N589D171').OR.(PARTNO='N589D201').OR.(PARTNO='N589D251').OR.(PARTNO='N589D341').OR.(PARTNO='N589D481')
  237  0000000                   ;.IF (SUBTYPE='UNDEFINE').OR.(SUBTYPE='LQFP48').OR.(SUBTYPE='SOP28').OR.(SUBTYPE='SOP20')
  238  0000000                   BP2			EQU		0F82H
  239  0000000                   BP2R		EQU		0F82H
  240  0000000                   BP2D		EQU		0F86H
  241  0000000                   BP2M		EQU		0F8AH
  242  0000000                   BP2EN		EQU		0F9AH
  243  0000000                   BP2MF0		EQU		0F9EH
  244  0000000                   BP2MF1		EQU		0F9FH
  245  0000000                   ;.ENDIF
  246  0000000                   ;.ENDIF
  247  0000000                   
  248  0000000                   ;.IF (PARTNO='N589A080').OR.(PARTNO='N589A150').OR.(PARTNO='N589A200').OR.(PARTNO='N589A280').OR.(PARTNO='N589B200').OR.(PARTNO='N589B250').OR.(PARTNO='N589B340').OR.(PARTNO='N589D201').OR.(PARTNO='N589D251').OR.(PARTNO='N589D341').OR.(PARTNO='N589D481')
  249  0000000                   ;.IF (SUBTYPE='UNDEFINE').OR.(SUBTYPE='LQFP48')
  250  0000000                   BP3			EQU		0F83H
  251  0000000                   BP3R		EQU		0F83H
  252  0000000                   BP3D		EQU		0F87H
  253  0000000                   BP3M		EQU		0F8BH
  254  0000000                   BP3EN		EQU		0F9BH
  255  0000000                   ;.ENDIF
  256  0000000                   ;.ENDIF
  257  0000000                   
  258  0000000                   TMAC		EQU		0FA0H
  259  0000000                   TMAV		EQU		0FA1H
  260  0000000                   TMAO		EQU		0FA2H
  261  0000000                   
  262  0000000                   TMGC		EQU		0FA9H
  263  0000000                   TMGVL		EQU		0FAAH
  264  0000000                   TMGVH		EQU		0FABH
  265  0000000                   TMGOL		EQU		0FACH
  266  0000000                   TMGOH		EQU		0FADH
  267  0000000                   
  268  0000000                   IEF0		EQU		0F90H
  269  0000000                   EVF0		EQU		0F92H
  270  0000000                   IEF1		EQU		0F91H
  271  0000000                   EVF1		EQU		0F93H
  272  0000000                   
  273  0000000                   PCMH		EQU		0FB5H
  274  0000000                   VOL			EQU		0FB6H





  275  0000000                   CHGC		EQU		0FB7H
  276  0000000                   
  277  0000000                   BANK		EQU		0F8CH
  278  0000000                   WAKEF		EQU		0F8DH
  279  0000000                   RSTF	   	EQU     0F8FH
  280  0000000                   WDTC		EQU		0F96H
  281  0000000                   
  282  0000000                   PWMC		EQU		0FC0H
  283  0000000                   PWM0EN		EQU		0FC2H
  284  0000000                   PWV00		EQU		0FC5H
  285  0000000                   PWV01		EQU		0FC6H
  286  0000000                   PWV02		EQU		0FC7H
  287  0000000                   PWV03		EQU		0FC8H
  288  0000000                   PWV04		EQU		0FC9H
  289  0000000                   PWV05		EQU		0FCAH
  290  0000000                   PWM1EN		EQU		0FC3H
  291  0000000                   PWV10		EQU		0FCDH
  292  0000000                   PWV11		EQU		0FCEH
  293  0000000                   PWV12		EQU		0FCFH
  294  0000000                   
  295  0000000                   PWM_G0_MASK	EQU		0FCH
  296  0000000                   PWM_G1_MASK	EQU		0F3H
  297  0000000                   PWM_G2_MASK	EQU		0CFH
  298  0000000                   PWM_G3_MASK	EQU		03FH
  299  0000000                   PWM_G4_MASK	EQU		0FCH
  300  0000000                   PWM_G5_MASK	EQU		0F3H
  301  0000000                   
  302  0000000                   BP00_PWM	EQU		01H
  303  0000000                   BP01_PWM	EQU		02H
  304  0000000                   BP02_PWM	EQU		04H
  305  0000000                   BP03_PWM	EQU		08H
  306  0000000                   BP04_PWM	EQU		10H
  307  0000000                   BP05_PWM	EQU		20H
  308  0000000                   BP06_PWM	EQU		40H
  309  0000000                   BP07_PWM	EQU		80H
  310  0000000                   BP10_PWM	EQU		01H
  311  0000000                   BP11_PWM	EQU		02H
  312  0000000                   BP12_PWM	EQU		04H
  313  0000000                   BP13_PWM	EQU		08H
  314  0000000                   BP32_PWM	EQU		04H
  315  0000000                   BP33_PWM	EQU		08H
  316  0000000                   BP34_PWM	EQU		10H
  317  0000000                   BP35_PWM	EQU		20H
  318  0000000                   BP36_PWM	EQU		40H
  319  0000000                   BP37_PWM	EQU		80H
  320  0000000                   
  321  0000000                   LDOEN		EQU		0FAFH
  322  0000000                   
  323  0000000                   .IF (PARTNO='N589A080').OR.(PARTNO='N589A150').OR.(PARTNO='N589A200').OR.(PARTNO='N589A280').OR.(PARTNO='N589B080').OR.(PARTNO='N589B120').OR.(PARTNO='N589B170').OR.(PARTNO='N589B200').OR.(PARTNO='N589B250').OR.(PARTNO='N589B340').OR.(PARTNO='N589C200').OR.(PARTNO='N589C250').OR.(PARTNO='N589C340').OR.(PARTNO='N589D200').OR.(PARTNO='N589D250').OR.(PARTNO='N589D340').OR.(PARTNO='N589D081').OR.(PARTNO='N589D121').OR.(PARTNO='N589D171').OR.(PARTNO='N589D201').OR.(PARTNO='N589D251').OR.(PARTNO='N589D341').OR.(PARTNO='N589D481')
  324  0000000                   .IF (SUBTYPE='UNDEFINE').OR.(SUBTYPE='LQFP48').OR.(SUBTYPE='SOP28').OR.(SUBTYPE='SOP20').OR.(SUBTYPE='TSSOP20')
  325  0000000                   SPIC		EQU		0FD8H
  326  0000000                   SPIB		EQU		0FD9H
  327  0000000                   SPIBN		EQU		0FDAH
  328  0000000                   .ENDIF
  329  0000000                   .ENDIF
  330  0000000                   
  331  0000000                   .IF (PARTNO='N589D081').OR.(PARTNO='N589D121').OR.(PARTNO='N589D171').OR.(PARTNO='N589D201').OR.(PARTNO='N589D251').OR.(PARTNO='N589D341').OR.(PARTNO='N589D481')





  332  0000000                   .IF (SUBTYPE='UNDEFINE').OR.(SUBTYPE='SOP20').OR.(SUBTYPE='TSSOP20').OR.(SUBTYPE='LQFP48')
  333  0000000                   IRMF0		EQU		0F9DH
  334  0000000                   .ENDIF
  335  0000000                   .ENDIF
  336  0000000                   IRWS		EQU		0FDCH
  337  0000000                   IRWD		EQU		0FDDH
  338  0000000                   IRWSB		EQU		0FDEH
  339  0000000                   
  340  0000000                   CAPS		EQU		0FAEH
  341  0000000                   LVDC		EQU		0F97H
  342  0000000                   
  343  0000000                   .IF (PARTNO='N589A080').OR.(PARTNO='N589A150').OR.(PARTNO='N589A200').OR.(PARTNO='N589A280').OR.(PARTNO='N589B080').OR.(PARTNO='N589B120').OR.(PARTNO='N589B170').OR.(PARTNO='N589B200').OR.(PARTNO='N589B250').OR.(PARTNO='N589B340')
  344  0000000                   .IF (SUBTYPE='UNDEFINE').OR.(SUBTYPE='LQFP48').OR.(SUBTYPE='SOP28')
  345  0000000                   ADRC		EQU		0FB0H
  346  0000000                   ADR			EQU		0FB2H
  347  0000000                   .ENDIF
  348  0000000                   .ENDIF
  349  0000000                   
  350  0000000                   LRCC		EQU		0FDBH
  351  0000000                   
  352  0000000                   IMAGEP00	EQU		0FE0H
  353  0000000                   IMAGEP01	EQU		0FE1H
  354  0000000                   IMAGEP02	EQU		0FE2H
  355  0000000                   IMAGEP03	EQU		0FE3H
  356  0000000                   IMAGEP10	EQU		0FE4H
  357  0000000                   IMAGEP11	EQU		0FE5H
  358  0000000                   IMAGEP12	EQU		0FE6H
  359  0000000                   IMAGEP13	EQU		0FE7H
  360  0000000                   
  361  0000000                   IMAGEP20	EQU		0FD4H		
  362  0000000                   IMAGEP21	EQU		0FD5H
  363  0000000                   IMAGEP22	EQU		0FD6H
  364  0000000                   IMAGEP23	EQU		0FD7H
  365  0000000                   
  366  0000000                   ISPCON		EQU		0FE8H
  367  0000000                   ISPADR0		EQU		0FE9H
  368  0000000                   ISPADR1		EQU		0FEAH
  369  0000000                   ISPADR2		EQU		0FEBH
  370  0000000                   ISPDAT0		EQU		0FECH
  371  0000000                   ISPDAT1		EQU		0FEDH
  372  0000000                   ISPDAT2		EQU		0FEEH
  373  0000000                   ISPDAT3		EQU		0FEFH
  374  0000000                   ISPCMD		EQU		0FF0H
  375  0000000                   ISPTRG		EQU		0FF1H
  376  0000000                   ISPULK		EQU		0FF2H
  377  0000000                   ISPEPT		EQU		0FF3H
  378  0000000                   ISPULK1		EQU		0FF4H
  379  0000000                   
  380  0000000                   .ENDIF
  381  0000000                   ;====================================================
  382  0000000                   ; A960 series
  383  0000000                   ;====================================================
  384  0000000                   .IF	(MAINBODY='A960')
  385  0000000                   SFR_BASE	EQU 	0F80H
  386  0000000                   
  387  0000000                   INTRF		EQU		0FB8H
  388  0000000                   HWENG		EQU		0FBAH





  389  0000000                   CFGULK		EQU		0FBBH
  390  0000000                   SYSCFG0		EQU		0FBCH
  391  0000000                   SYSCFG1		EQU		0FBDH
  392  0000000                   SYSCFG2		EQU		0FBEH
  393  0000000                   SYSCFG3		EQU		0FBFH
  394  0000000                   SYSCFG4		EQU		0FBCH
  395  0000000                   SYSCFG5		EQU		0FC4H
  396  0000000                   SYSCFG6		EQU		0FB4H
  397  0000000                   SYSCFG7		EQU		0FCCH
  398  0000000                   SYSCFG8		EQU		0FCBH
  399  0000000                   
  400  0000000                   BP0			EQU		0F80H
  401  0000000                   BP0R		EQU		0F80H
  402  0000000                   BP0D		EQU		0F84H
  403  0000000                   BP0M		EQU		0F88H
  404  0000000                   BP0EN		EQU		0F98H
  405  0000000                   
  406  0000000                   BP1			EQU		0F81H
  407  0000000                   BP1R		EQU		0F81H
  408  0000000                   BP1D		EQU		0F85H
  409  0000000                   BP1M		EQU		0F89H
  410  0000000                   BP1EN		EQU		0F99H
  411  0000000                   
  412  0000000                   ;.IF (PARTNO='N589A400').OR.(PARTNO='N589A600').OR.(PARTNO='N589A900').OR.(PARTNO='N589B480').OR.(PARTNO='N589B480N').OR.(PARTNO='N589B650').OR.(PARTNO='N589B960').OR.(PARTNO='N589C480').OR.(PARTNO='N589C650').OR.(PARTNO='N589C960').OR.(PARTNO='N589D650').OR.(PARTNO='N589D650N').OR.(PARTNO='N589D960').OR.(PARTNO='N589D960N')
  413  0000000                   ;.IF (SUBTYPE='UNDEFINE').OR.(SUBTYPE='LQFP48').OR.(SUBTYPE='SOP14').OR.(SUBTYPE='TSSOP20')
  414  0000000                   BP2			EQU		0F82H
  415  0000000                   BP2R		EQU		0F82H
  416  0000000                   BP2D		EQU		0F86H
  417  0000000                   BP2M		EQU		0F8AH
  418  0000000                   BP2EN		EQU		0F9AH
  419  0000000                   BP2MF0		EQU		0F9EH
  420  0000000                   BP2MF1		EQU		0F9FH
  421  0000000                   ;.ENDIF
  422  0000000                   ;.ENDIF
  423  0000000                   
  424  0000000                   ;.IF (PARTNO='N589A400').OR.(PARTNO='N589A600').OR.(PARTNO='N589A900').OR.(PARTNO='N589B480').OR.(PARTNO='N589B650').OR.(PARTNO='N589B960').OR.(PARTNO='N589C480').OR.(PARTNO='N589C650').OR.(PARTNO='N589C960').OR.(PARTNO='N589D650').OR.(PARTNO='N589D960')
  425  0000000                   ;.IF (SUBTYPE='UNDEFINE').OR.(SUBTYPE='LQFP48')
  426  0000000                   BP3			EQU		0F83H
  427  0000000                   BP3R		EQU		0F83H
  428  0000000                   BP3D		EQU		0F87H
  429  0000000                   BP3M		EQU		0F8BH
  430  0000000                   BP3EN		EQU		0F9BH
  431  0000000                   ;.ENDIF
  432  0000000                   ;.ENDIF
  433  0000000                   
  434  0000000                   TMAC		EQU		0FA0H
  435  0000000                   TMAV		EQU		0FA1H
  436  0000000                   TMAO		EQU		0FA2H
  437  0000000                   
  438  0000000                   TMGC		EQU		0FA9H
  439  0000000                   TMGVL		EQU		0FAAH
  440  0000000                   TMGVH		EQU		0FABH
  441  0000000                   TMGOL		EQU		0FACH
  442  0000000                   TMGOH		EQU		0FADH
  443  0000000                   
  444  0000000                   IEF0		EQU		0F90H
  445  0000000                   EVF0		EQU		0F92H





  446  0000000                   IEF1		EQU		0F91H
  447  0000000                   EVF1		EQU		0F93H
  448  0000000                   
  449  0000000                   PCMH		EQU		0FB5H
  450  0000000                   VOL			EQU		0FB6H
  451  0000000                   CHGC		EQU		0FB7H
  452  0000000                   
  453  0000000                   BANK		EQU		0F8CH
  454  0000000                   WAKEF		EQU		0F8DH
  455  0000000                   RSTF	   	EQU     0F8FH
  456  0000000                   WDTC		EQU		0F96H
  457  0000000                   
  458  0000000                   
  459  0000000                   PWMC		EQU		0FC0H
  460  0000000                   PWMEN		EQU		0FC1H
  461  0000000                   PWMOA		EQU		0FC2H
  462  0000000                   PWMOB		EQU		0FC3H
  463  0000000                   PWV0		EQU		0FC5H
  464  0000000                   PWV1		EQU		0FC6H
  465  0000000                   PWV2		EQU		0FC7H
  466  0000000                   PWV3		EQU		0FC8H
  467  0000000                   PWV4		EQU		0FC9H
  468  0000000                   PWV5		EQU		0FCAH
  469  0000000                   
  470  0000000                   PWM_G0_MASK	EQU		0FCH
  471  0000000                   PWM_G1_MASK	EQU		0F3H
  472  0000000                   PWM_G2_MASK	EQU		0CFH
  473  0000000                   PWM_G3_MASK	EQU		03FH
  474  0000000                   PWM_G4_MASK	EQU		0FCH
  475  0000000                   PWM_G5_MASK	EQU		0F3H
  476  0000000                   
  477  0000000                   BP00_PWM	EQU		01H
  478  0000000                   BP01_PWM	EQU		02H
  479  0000000                   BP02_PWM	EQU		04H
  480  0000000                   BP03_PWM	EQU		08H
  481  0000000                   BP04_PWM	EQU		10H
  482  0000000                   BP05_PWM	EQU		20H
  483  0000000                   BP06_PWM	EQU		40H
  484  0000000                   BP07_PWM	EQU		80H
  485  0000000                   BP10_PWM	EQU		01H
  486  0000000                   BP11_PWM	EQU		02H
  487  0000000                   BP12_PWM	EQU		04H
  488  0000000                   BP13_PWM	EQU		08H
  489  0000000                   BP32_PWM	EQU		04H
  490  0000000                   BP33_PWM	EQU		08H
  491  0000000                   BP34_PWM	EQU		10H
  492  0000000                   BP35_PWM	EQU		20H
  493  0000000                   BP36_PWM	EQU		40H
  494  0000000                   BP37_PWM	EQU		80H
  495  0000000                   
  496  0000000                   PWM_G0_BP00	EQU		00H
  497  0000000                   PWM_G0_BP06	EQU		01H
  498  0000000                   PWM_G0_BP32	EQU		02H
  499  0000000                   PWM_G1_BP01	EQU		00H
  500  0000000                   PWM_G1_BP07	EQU		04H
  501  0000000                   PWM_G1_BP33	EQU		08H
  502  0000000                   PWM_G2_BP02	EQU		00H





  503  0000000                   PWM_G2_BP10	EQU		10H
  504  0000000                   PWM_G2_BP34	EQU		20H
  505  0000000                   PWM_G3_BP03	EQU		00H
  506  0000000                   PWM_G3_BP11	EQU		40H
  507  0000000                   PWM_G3_BP35	EQU		80H
  508  0000000                   PWM_G4_BP04	EQU		00H
  509  0000000                   PWM_G4_BP12	EQU		01H
  510  0000000                   PWM_G4_BP36	EQU		02H
  511  0000000                   PWM_G5_BP05	EQU		00H
  512  0000000                   PWM_G5_BP13	EQU		04H
  513  0000000                   PWM_G5_BP37	EQU		08H
  514  0000000                   
  515  0000000                   ;LDOEN		EQU		0FAFH
  516  0000000                   
  517  0000000                   .IF (PARTNO='N589A400').OR.(PARTNO='N589A600').OR.(PARTNO='N589A900').OR.(PARTNO='N589B480').OR.(PARTNO='N589B650').OR.(PARTNO='N589B960').OR.(PARTNO='N589C480').OR.(PARTNO='N589C650').OR.(PARTNO='N589C960').OR.(PARTNO='N589D650').OR.(PARTNO='N589D960')
  518  0000000                   .IF (SUBTYPE='UNDEFINE').OR.(SUBTYPE='LQFP48').OR.(SUBTYPE='TSSOP20')
  519  0000000                   SPIC		EQU		0FD8H
  520  0000000                   SPIB		EQU		0FD9H
  521  0000000                   SPIBN		EQU		0FDAH
  522  0000000                   .ENDIF
  523  0000000                   .ENDIF
  524  0000000                   
  525  0000000                   IRWS		EQU		0FDCH
  526  0000000                   IRWD		EQU		0FDDH
  527  0000000                   IRWSB		EQU		0FDEH
  528  0000000                   
  529  0000000                   CAPS		EQU		0FAEH
  530  0000000                   LVDC		EQU		0F97H
  531  0000000                   
  532  0000000                   .IF (PARTNO='N589A400').OR.(PARTNO='N589A600').OR.(PARTNO='N589A900').OR.(PARTNO='N589B480').OR.(PARTNO='N589B480N').OR.(PARTNO='N589B650').OR.(PARTNO='N589B960').OR.(PARTNO='N589C480').OR.(PARTNO='N589C650').OR.(PARTNO='N589C960').OR.(PARTNO='N589D650').OR.(PARTNO='N589D650N').OR.(PARTNO='N589D960').OR.(PARTNO='N589D960N')
  533  0000000                   .IF (SUBTYPE='UNDEFINE').OR.(SUBTYPE='LQFP48').OR.(SUBTYPE='SOP14').OR.(SUBTYPE='TSSOP20')
  534  0000000                   ADRC		EQU		0FB0H
  535  0000000                   ADR			EQU		0FB2H
  536  0000000                   .ENDIF
  537  0000000                   .ENDIF
  538  0000000                   
  539  0000000                   LRCC		EQU		0FDBH
  540  0000000                   
  541  0000000                   SLDC0		EQU		0F70H
  542  0000000                   SLDC1		EQU		0F71H
  543  0000000                   HIDA1		EQU		0F72H
  544  0000000                   LODA1		EQU		0F73H
  545  0000000                   HIDA0		EQU		0F74H
  546  0000000                   LODA0		EQU		0F75H
  547  0000000                   SDTH		EQU		0F76H
  548  0000000                   SLDAT		EQU		0F77H
  549  0000000                   
  550  0000000                   UMODE		EQU		0F78H
  551  0000000                   TXSTS		EQU		0F79H
  552  0000000                   RXSTS		EQU		0F7AH
  553  0000000                   BRDIVH		EQU		0F7BH
  554  0000000                   BRDIVL		EQU		0F7CH
  555  0000000                   URTHD		EQU		0F7DH
  556  0000000                   URDATA		EQU		0F7EH
  557  0000000                   TDLY		EQU		0F7FH
  558  0000000                   
  559  0000000                   IMAGEP00	EQU		0FE0H





  560  0000000                   IMAGEP01	EQU		0FE1H
  561  0000000                   IMAGEP02	EQU		0FE2H
  562  0000000                   IMAGEP03	EQU		0FE3H
  563  0000000                   IMAGEP10	EQU		0FE4H
  564  0000000                   IMAGEP11	EQU		0FE5H
  565  0000000                   IMAGEP12	EQU		0FE6H
  566  0000000                   IMAGEP13	EQU		0FE7H
  567  0000000                   
  568  0000000                   IMAGEP20	EQU		0FD4H		
  569  0000000                   IMAGEP21	EQU		0FD5H
  570  0000000                   IMAGEP22	EQU		0FD6H
  571  0000000                   IMAGEP23	EQU		0FD7H
  572  0000000                   
  573  0000000                   ISPCON		EQU		0FE8H
  574  0000000                   ISPADR0		EQU		0FE9H
  575  0000000                   ISPADR1		EQU		0FEAH
  576  0000000                   ISPADR2		EQU		0FEBH
  577  0000000                   ISPDAT0		EQU		0FECH
  578  0000000                   ISPDAT1		EQU		0FEDH
  579  0000000                   ISPDAT2		EQU		0FEEH
  580  0000000                   ISPDAT3		EQU		0FEFH
  581  0000000                   ISPCMD		EQU		0FF0H
  582  0000000                   ISPTRG		EQU		0FF1H
  583  0000000                   ISPULK		EQU		0FF2H
  584  0000000                   ISPEPT		EQU		0FF3H
  585  0000000                   ISPULK1		EQU		0FF4H
  586  0000000                   
  587  0000000                   .ENDIF
  588  0000000                   
  589  0000000                   
  590  0000000                   
  591  0000000                   	INCLUDE Configuration.INI
  592  0000000                   LOCAL_TEST						EQU 0
  593  0000000                   ;--------------------------------------------------------------------------
  594  0000000                   ; Configurations : New add
  595  0000000                   ;--------------------------------------------------------------------------
  596  0000000                   ; share ram
  597  0000000                   SHM_RAM_BEGIN		EQU B20H
  598  0000000                   SHM_RAM_END			EQU BAFH
  599  0000000                   
  600  0000000                   ; stack
  601  0000000                   STACK_END   		EQU 1ffH
  602  0000000                   
  603  0000000                   HWE_STACK_BEGIN		EQU BB0H
  604  0000000                   
  605  0000000                   ; spi flash
  606  0000000                   WITH_SPI_SWITCH 	EQU 0
  607  0000000                   
  608  0000000                   ; share timing
  609  0000000                   ; Modified ---------- HIRC_CLK_6502		EQU 0FFH
  610  0000000                   HIRC_CLK_6502 EQU 07FH
  611  0000000                   ; Modified ---------- HIRC_CLK_HWE		EQU 17FH
  612  0000000                   HIRC_CLK_HWE  EQU 1FFH
  613  0000000                   
  614  0000000                   ;--------------------------------------------------------------------------
  615  0000000                   ; Configurations : Configurations config features for di-fferent libraries.
  616  0000000                   ;--------------------------------------------------------------------------





  617  0000000                   WITH_CHIP_SERIES				EQU 0
  618  0000000                   	;0:	N588M
  619  0000000                   	;1:	N588K
  620  0000000                   
  621  0000000                   WITH_VOL_ADJ					EQU 1
  622  0000000                   	; There will be 2 libraries for each chip series such as W566B,W566C,....
  623  0000000                   	; One library with Volume Adjustment, another one without Volume Adjustment.
  624  0000000                   	; 0: WITHOUT VOL ADJ.
  625  0000000                   	; 1: WITH S/W VOL ADJ.
  626  0000000                   	; 2: WITH H/W VOL ADJ.
  627  0000000                   	
  628  0000000                   WITH_MULTI_CHANNEL				EQU  0
  629  0000000                   	; There will be 2 libraries 
  630  0000000                   	; One library with 16HQ, another one without 16HQ
  631  0000000                   	; 0: WITHOUT 16HQ.
  632  0000000                   	; 1: WITH 16HQ.	
  633  0000000                   	
  634  0000000                   WITH_VOL_REDUCE					EQU 0	
  635  0000000                   	
  636  0000000                   WITH_16BIT_MODE					EQU 0
  637  0000000                   	; Some with 65C816 uC, some with 65C02.
  638  0000000                   WITH_32K_BANK					EQU 1
  639  0000000                   	;some with bank (ex:W567,W588), some without (ex:W566,W5691)
  640  0000000                   WITH_T_BUFFER					EQU 0
  641  0000000                   	;T-buffer is the buffer for latch decoded output PCM
  642  0000000                   WITH_READ_DATA_TYPE 			EQU 0
  643  0000000                   	; 0 : from ROM
  644  0000000                   	; 1 : from FI-FO
  645  0000000                   WITH_PCM_OUTPUT_TYPE			EQU 0
  646  0000000                   	; 0 : unsigned PCM
  647  0000000                   	; 1 : signed PCM (2' complement) 
  648  0000000                   	; 2 : signed magnitude
  649  0000000                   WITH_PCM_OUTPUT_SIZE			EQU 2
  650  0000000                   	; 1 : 1 BYTE
  651  0000000                   	; 2 : 2 BYTE	
  652  0000000                   WITH_CMD						EQU 0
  653  0000000                   	; for W569 chips that CPU send command to uC for next operations
  654  0000000                   
  655  0000000                   WITH_FW_MIXER					EQU 0
  656  0000000                   	; I-f a timer mix several channels but output to a T-buffer/Mixer output.
  657  0000000                   	; A firmware mixer will be needed.
  658  0000000                   WITH_COMPRESSED_MIDI			EQU 2
  659  0000000                   WITH_MULTIPLIER					EQU 0
  660  0000000                   	; 0 : FW
  661  0000000                   	; 1 : 9*7
  662  0000000                   	; 2 : 9*8
  663  0000000                   WITH_HEAD_TAIL_PROCESS			EQU 1
  664  0000000                   
  665  0000000                   	;-------------------------------------------------
  666  0000000                   	; for melody symbol definition
  667  0000000                   	;-------------------------------------------------
  668  0000000                   ENV_SHARP_DECAY_AMOUNT				EQU 4
  669  0000000                   
  670  0000000                   WITH_ALL_MIXER_SFR				EQU 0
  671  0000000                   	; Following defines T-buffer registers
  672  0000000                   
  673  0000000                   ;USED ACCOMPANY WITH SP_LO_T_INDEX_TABLE & SP_HI_T_INDEX_TABLE





  674  0000000                   SP_START_SIM_BUF_VS0A			EQU 0
  675  0000000                   SP_START_SIM_BUF_VS1A			EQU 0
  676  0000000                   SP_START_SIM_BUF_VS2A			EQU 0
  677  0000000                   SP_START_SIM_BUF_VS0B 			EQU 0
  678  0000000                   SP_START_SIM_BUF_VS1B			EQU 0
  679  0000000                   
  680  0000000                   
  681  0000000                   	; Following options used for ISR.
  682  0000000                   	; Please disable VS0D->VS0C->VS2B->VS1B->VSF->VSE->...>VS0A 
  683  0000000                   WITH_ISR_VS0A					EQU 1
  684  0000000                   WITH_ISR_VS0B					EQU 0
  685  0000000                   WITH_ISR_VS1A					EQU 0
  686  0000000                   WITH_ISR_VS1B					EQU 0
  687  0000000                   WITH_ISR_VS2A					EQU 0
  688  0000000                   WITH_ISR_VS2B					EQU 0
  689  0000000                   
  690  0000000                   
  691  0000000                   	; Following options used for selecting speech channels.
  692  0000000                   	; Please disable VS0D->VS0C->VS2B->VS1B->VSF->VSE->...>VS0A 
  693  0000000                   WITH_VS0A						EQU 1
  694  0000000                   WITH_VS0B						EQU 0
  695  0000000                   WITH_VS1A						EQU 0
  696  0000000                   WITH_VS1B						EQU 0
  697  0000000                   WITH_VS2A						EQU 0
  698  0000000                   WITH_VS2B						EQU 0
  699  0000000                   WITH_VS0C						EQU 0
  700  0000000                   WITH_VS0D						EQU 0
  701  0000000                   WITH_VS3						EQU 0
  702  0000000                   WITH_VS4						EQU 0
  703  0000000                   WITH_VS5						EQU 0
  704  0000000                   WITH_VS6						EQU 0
  705  0000000                   WITH_VS7						EQU 0
  706  0000000                   WITH_VS8						EQU 0
  707  0000000                   WITH_VS9						EQU 0
  708  0000000                   WITH_VSA						EQU 0
  709  0000000                   WITH_VSB						EQU 0
  710  0000000                   WITH_VSC						EQU 0
  711  0000000                   WITH_VSD						EQU 0
  712  0000000                   WITH_VSE						EQU 0
  713  0000000                   WITH_VSF						EQU 0
  714  0000000                   
  715  0000000                   WITH_MD4						EQU 0
  716  0000000                   WITH_HNM4						EQU 0
  717  0000000                   WITH_NM4						EQU 0
  718  0000000                   WITH_NM4S						EQU 0
  719  0000000                   WITH_MDM						EQU 0
  720  0000000                   WITH_APM						EQU 0
  721  0000000                   WITH_LP8						EQU 0
  722  0000000                   WITH_VC4						EQU 0
  723  0000000                   WITH_MDR						EQU 0
  724  0000000                   
  725  0000000                   WITH_E2A						EQU 0
  726  0000000                   WITH_EMM						EQU 0
  727  0000000                   WITH_MD6						EQU 0
  728  0000000                   WITH_P10						EQU 0
  729  0000000                   WITH_PC8						EQU 0
  730  0000000                   





  731  0000000                   WITH_SIL						EQU 1
  732  0000000                   WITH_VMDPC8						EQU 0
  733  0000000                   WITH_PCSPC8						EQU 0
  734  0000000                   WITH_TONE						EQU 0
  735  0000000                   WITH_HQPC8						EQU 0
  736  0000000                   
  737  0000000                   WITH_HQ567						EQU 0
  738  0000000                   WITH_VMD567						EQU 0
  739  0000000                   WITH_HQ567_HW						EQU 0
  740  0000000                   WITH_HQ569_HW						EQU 0
  741  0000000                   WITH_YAD						EQU 0
  742  0000000                   WITH_P16						EQU 0
  743  0000000                   WITH_VC8						EQU 0
  744  0000000                   WITH_PC8VMDPCS						EQU 0
  745  0000000                   WITH_LP8VMDPCS						EQU 0
  746  0000000                   WITH_P16VMDPCS						EQU 0
  747  0000000                   ;--------------------------------------------------------------------------
  748  0000000                   ; Options
  749  0000000                   ;--------------------------------------------------------------------------
  750  0000000                   WITH_POLYPHONY					EQU 0
  751  0000000                   WITH_MIDI_CHANNEL				EQU 0
  752  0000000                   WITH_VOL_ADJ_MS					EQU 0
  753  0000000                   
  754  0000000                   WITH_PAUSE_RESUME				EQU 1
  755  0000000                   WITH_CHANNEL_PRESSURE				EQU 0
  756  0000000                   WITH_NOTE_OFFSET				EQU 0
  757  0000000                   WITH_CHANGE_TEMPO				EQU 0
  758  0000000                   WITH_ONEKEYONENOTE  				EQU 1
  759  0000000                   WITH_VELOCITY					EQU 0
  760  0000000                   WITH_MS_EXT_MIDI				EQU 0
  761  0000000                   WITH_SYNC_CH1_MS				EQU 0
  762  0000000                   	; Disable this feature will save 5 bytes RAM.
  763  0000000                   WITH_GLOBAL_CHANNEL_VOLM 			EQU 0
  764  0000000                   WITH_GLOBAL_CHANNEL_INS   			EQU 0
  765  0000000                   	
  766  0000000                   WITH_PITCH_BEND					EQU 0
  767  0000000                   WITH_VIBRATO                                 	EQU 0
  768  0000000                   WITH_MODULATION_DEPTH                         	EQU 0
  769  0000000                   WITH_CHANNEL_SUSTAIN				EQU 0
  770  0000000                   WITH_SP_MIDI					EQU 0
  771  0000000                   WITH_PERCUSSION					EQU 0
  772  0000000                   WITH_DYNAMIC_CH					EQU 0
  773  0000000                   WITH_MS_ENABLE_CHANNEL				EQU 0
  774  0000000                   	; Disable this feature will save 2 bytes RAM.
  775  0000000                   
  776  0000000                   WITH_SP							EQU 1
  777  0000000                   	; Disable speech channels to save code size.
  778  0000000                   WITH_MS							EQU 0
  779  0000000                   	; Disable melody channels to save RAM and code size.
  780  0000000                   WITH_EVO						EQU 0
  781  0000000                   	; Disable EVO channels to save RAM and code size.
  782  0000000                   
  783  0000000                   	;------for speaker output type-----------------------------------------
  784  0000000                   WITH_SPEAKER_OUTPUT_TYPE 			EQU 	1
  785  0000000                   WITH_SPEAKER_SWITCH      			EQU     0  
  786  0000000                   
  787  0000000                   WITH_SIM_SP                                     EQU     0 





  788  0000000                   WITH_SIM_TYPE					EQU	1
  789  0000000                   	;0:W55F
  790  0000000                   	;1:SPI
  791  0000000                   WITH_EXT32MBIT					EQU	0
  792  0000000                   WITH_EXT64M_SPI					EQU 	0
  793  0000000                   
  794  0000000                   WITH_SP_NUM                                     EQU     1
  795  0000000                   WITH_ONE_HQ					EQU	0
  796  0000000                   WITH_PLAYE					EQU 	1
  797  0000000                   
  798  0000000                   
  799  0000000                   
  800  0000000                   	; Following Options speci-fy what format can be played in each individual channel.
  801  0000000                   	; Properly disable some formats for channels can save RAM and code size.
  802  0000000                   WITH_VS0A_SIL					EQU 1
  803  0000000                   WITH_VS0B_SIL					EQU 0
  804  0000000                   WITH_VS1A_SIL					EQU 0
  805  0000000                   WITH_VS1B_SIL					EQU 0
  806  0000000                   WITH_VS2A_SIL					EQU 0
  807  0000000                   WITH_VS2B_SIL					EQU 0
  808  0000000                   
  809  0000000                   WITH_VS0A_MD4					EQU 0
  810  0000000                   WITH_VS0B_MD4					EQU 0
  811  0000000                   WITH_VS1A_MD4					EQU 0
  812  0000000                   WITH_VS1B_MD4					EQU 0
  813  0000000                   WITH_VS2A_MD4					EQU 0
  814  0000000                   WITH_VS2B_MD4					EQU 0
  815  0000000                   
  816  0000000                   WITH_VS0A_HNM4					EQU 0
  817  0000000                   WITH_VS0B_HNM4					EQU 0
  818  0000000                   WITH_VS1A_HNM4					EQU 0
  819  0000000                   WITH_VS1B_HNM4					EQU 0
  820  0000000                   WITH_VS2A_HNM4					EQU 0
  821  0000000                   WITH_VS2B_HNM4					EQU 0
  822  0000000                   
  823  0000000                   WITH_VS0A_NM4					EQU 0
  824  0000000                   WITH_VS0B_NM4					EQU 0
  825  0000000                   WITH_VS1A_NM4					EQU 0
  826  0000000                   WITH_VS1B_NM4					EQU 0
  827  0000000                   WITH_VS2A_NM4					EQU 0
  828  0000000                   WITH_VS2B_NM4					EQU 0
  829  0000000                   
  830  0000000                   WITH_VS0A_NM4S					EQU 0
  831  0000000                   WITH_VS0B_NM4S					EQU 0
  832  0000000                   WITH_VS1A_NM4S					EQU 0
  833  0000000                   WITH_VS1B_NM4S					EQU 0
  834  0000000                   WITH_VS2A_NM4S					EQU 0
  835  0000000                   WITH_VS2B_NM4S					EQU 0
  836  0000000                   
  837  0000000                   WITH_VS0A_MDM					EQU 0
  838  0000000                   WITH_VS0B_MDM					EQU 0
  839  0000000                   WITH_VS1A_MDM					EQU 0
  840  0000000                   WITH_VS1B_MDM					EQU 0
  841  0000000                   WITH_VS2A_MDM					EQU 0
  842  0000000                   WITH_VS2B_MDM					EQU 0
  843  0000000                   
  844  0000000                   WITH_VS0A_APM					EQU 0





  845  0000000                   WITH_VS0B_APM					EQU 0
  846  0000000                   WITH_VS1A_APM					EQU 0
  847  0000000                   WITH_VS1B_APM					EQU 0
  848  0000000                   WITH_VS2A_APM					EQU 0
  849  0000000                   WITH_VS2B_APM					EQU 0
  850  0000000                   
  851  0000000                   WITH_VS0A_LP8					EQU 0
  852  0000000                   WITH_VS0B_LP8					EQU 0
  853  0000000                   WITH_VS1A_LP8					EQU 0
  854  0000000                   WITH_VS1B_LP8					EQU 0
  855  0000000                   WITH_VS2A_LP8					EQU 0
  856  0000000                   WITH_VS2B_LP8					EQU 0
  857  0000000                   
  858  0000000                   WITH_VS0A_VC4					EQU 0
  859  0000000                   WITH_VS0B_VC4					EQU 0
  860  0000000                   WITH_VS1A_VC4					EQU 0
  861  0000000                   WITH_VS1B_VC4					EQU 0
  862  0000000                   WITH_VS2A_VC4					EQU 0
  863  0000000                   WITH_VS2B_VC4					EQU 0
  864  0000000                   
  865  0000000                   WITH_VS0A_MDR					EQU 0
  866  0000000                   WITH_VS0B_MDR					EQU 0
  867  0000000                   WITH_VS1A_MDR					EQU 0
  868  0000000                   WITH_VS1B_MDR					EQU 0
  869  0000000                   WITH_VS2A_MDR					EQU 0
  870  0000000                   WITH_VS2B_MDR					EQU 0
  871  0000000                   
  872  0000000                   WITH_VS0A_E2A					EQU 0
  873  0000000                   WITH_VS0B_E2A					EQU 0
  874  0000000                   WITH_VS1A_E2A					EQU 0
  875  0000000                   WITH_VS1B_E2A					EQU 0
  876  0000000                   WITH_VS2A_E2A					EQU 0
  877  0000000                   WITH_VS2B_E2A					EQU 0
  878  0000000                   
  879  0000000                   WITH_VS0A_EMM					EQU 0
  880  0000000                   WITH_VS0B_EMM					EQU 0
  881  0000000                   WITH_VS1A_EMM					EQU 0
  882  0000000                   WITH_VS1B_EMM					EQU 0
  883  0000000                   WITH_VS2A_EMM					EQU 0
  884  0000000                   WITH_VS2B_EMM					EQU 0
  885  0000000                   
  886  0000000                   WITH_VS0A_MD6					EQU 0
  887  0000000                   WITH_VS0B_MD6					EQU 0
  888  0000000                   WITH_VS1A_MD6					EQU 0
  889  0000000                   WITH_VS1B_MD6					EQU 0
  890  0000000                   WITH_VS2A_MD6					EQU 0
  891  0000000                   WITH_VS2B_MD6					EQU 0
  892  0000000                   
  893  0000000                   WITH_VS0A_P10					EQU 0
  894  0000000                   WITH_VS0B_P10					EQU 0
  895  0000000                   WITH_VS1A_P10					EQU 0
  896  0000000                   WITH_VS1B_P10					EQU 0
  897  0000000                   WITH_VS2A_P10					EQU 0
  898  0000000                   WITH_VS2B_P10					EQU 0
  899  0000000                   
  900  0000000                   WITH_VS0A_PC8					EQU 0
  901  0000000                   WITH_VS0B_PC8					EQU 0





  902  0000000                   WITH_VS1A_PC8					EQU 0
  903  0000000                   WITH_VS1B_PC8					EQU 0
  904  0000000                   WITH_VS2A_PC8					EQU 0
  905  0000000                   WITH_VS2B_PC8					EQU 0
  906  0000000                   
  907  0000000                   	; PC8 type VMD, disable to save code size.
  908  0000000                   WITH_VS0A_VMDPC8				EQU 0
  909  0000000                   WITH_VS0B_VMDPC8				EQU 0
  910  0000000                   WITH_VS1A_VMDPC8				EQU 0
  911  0000000                   WITH_VS1B_VMDPC8				EQU 0
  912  0000000                   WITH_VS2A_VMDPC8				EQU 0
  913  0000000                   WITH_VS2B_VMDPC8				EQU 0
  914  0000000                   
  915  0000000                   	; PC8 type PCS, disable to save code size.
  916  0000000                   WITH_VS0A_PCSPC8				EQU 0
  917  0000000                   WITH_VS0B_PCSPC8				EQU 0
  918  0000000                   WITH_VS1A_PCSPC8				EQU 0
  919  0000000                   WITH_VS1B_PCSPC8				EQU 0
  920  0000000                   WITH_VS2A_PCSPC8				EQU 0
  921  0000000                   WITH_VS2B_PCSPC8				EQU 0
  922  0000000                   
  923  0000000                   	; I-f there is HQ melody, disable TONE save nothing.
  924  0000000                   WITH_VS0A_TONE					EQU 0
  925  0000000                   WITH_VS0B_TONE					EQU 0
  926  0000000                   WITH_VS1A_TONE					EQU 0
  927  0000000                   WITH_VS1B_TONE					EQU 0
  928  0000000                   WITH_VS2A_TONE					EQU 0
  929  0000000                   WITH_VS2B_TONE					EQU 0
  930  0000000                   
  931  0000000                   	; W566/W588(PC8) type HQ, disable to save code size.
  932  0000000                   WITH_VS0A_HQPC8					EQU 0
  933  0000000                   WITH_VS0B_HQPC8					EQU 0
  934  0000000                   WITH_VS1A_HQPC8					EQU 0
  935  0000000                   WITH_VS1B_HQPC8					EQU 0
  936  0000000                   WITH_VS2A_HQPC8					EQU 0
  937  0000000                   WITH_VS2B_HQPC8					EQU 0
  938  0000000                   
  939  0000000                   WITH_CH0_EVO					EQU 0
  940  0000000                   WITH_CH1_EVO					EQU 0
  941  0000000                   WITH_CH2_EVO					EQU 0
  942  0000000                   
  943  0000000                   
  944  0000000                   WITH_FILTER					EQU 0
  945  0000000                   WITH_NOISE_SHAPING				EQU 0
  946  0000000                   ;NoiseShapingEnableCondition
  947  0000000                   ;0 - not support noise shaping
  948  0000000                   ;1 - support noise shaping
  949  0000000                   ;2 - only PWM support shaping
  950  0000000                   
  951  0000000                   WITH_DAC_ENABLE					EQU 0
  952  0000000                   WITH_SP0XL_RESOLUTION				EQU 1
  953  0000000                   ; 1 - 16 bit
  954  0000000                   ; 2 - 14 bit
  955  0000000                   ; 3 - 12 bit
  956  0000000                   WITH_SPEN_EFFECTIVE_BITS       			EQU 7
  957  0000000                   ;X X X X PWM_NS DAC_MA PWM DAC  
  958  0000000                   WITH_RDPC_VALUE         			EQU 0





  959  0000000                   
  960  0000000                   WITH_MS_CODA					EQU 0
  961  0000000                   WITH_SP_MIDI_SIMUL 				EQU 1	
  962  0000000                   ;SpeechMidiSimultaneously
  963  0000000                   WITH_SP_SKIP                       		EQU 1
  964  0000000                   WITH_SP_GLOBAL_SR                       	EQU 1
  965  0000000                   
  966  0000000                   WITH_RAM_OVER_STACK				EQU 	0
  967  0000000                   WITH_STACK_SIZE					EQU	32
  968  0000000                   WITH_HWENGINE_SHARED_RAM_SIZE			EQU	0
  969  0000000                   
  970  0000000                   TONE_2KHZ_TMC	EQU 7
  971  0000000                   TONE_2KHZ_TMV 	EQU 159
  972  0000000                   
  973  0000000                   WITH_COLOR_FLY_CURVENUMS	EQU 0
  974  0000000                   
  975  0000000                   WITH_SPI_GPIO                                   EQU     0
  976  0000000                   WITH_SPI_SPIO                                   EQU     0
  977  0000000                   ;SPIOEnable
  978  0000000                   
  979  0000000                   SPI_COMMAND_ENABLE    	EQU	0
  980  0000000                   SPI_CLOCK_RATE        	EQU	0
  981  0000000                   I2C_COMMAND_ENABLE	EQU	0
  982  0000000                   
  983  0000000                   WITH_ISP_READ_WRITE	EQU	1
  984  0000000                   WITH_ISP_UPDATE		EQU 	0
  985  0000000                   WITH_PROTECTION_PAGE_UPDATE	EQU 0
  986  0000000                   WITH_BOOT_LOADER	EQU 	0
  987  0000000                   
  988  0000000                   BLOCK_NUM                       EQU         128
  989  0000000                   
  990  0000000                   PROTECTION_PAGE_WORKING_MODE    EQU        1
  991  0000000                   
  992  0000000                   
  993  0000000                   WITH_PSF_PROJECT	EQU	0
  994  0000000                   WITH_PLAY_INDEX     EQU 0
  995  0000000                   
  996  0000000                   	; IO EXPANDER SETTING
  997  0000000                   N55P_DEVICE_NUM		EQU       0          
  998  0000000                   		;N55PDeviceNum:0/1/2
  999  0000000                   N55P_DEVICE_UIO_USED	EQU       00H
 1000  0000000                   N55P_DEVICE0_CNSTA    EQU       00H          
 1001  0000000                   N55P_DEVICE0_CNSTB    EQU       00H          
 1002  0000000                   N55P_DEVICE0_CNSTC    EQU       00H          
 1003  0000000                   N55P_DEVICE0_PCKAB    EQU       00H     
 1004  0000000                   N55P_DEVICE0_PCKCD    EQU       00H         
 1005  0000000                   
 1006  0000000                   N55P_DEVICE1_CNSTA    EQU       00H          
 1007  0000000                   N55P_DEVICE1_CNSTB    EQU       00H          
 1008  0000000                   N55P_DEVICE1_CNSTC    EQU       00H          
 1009  0000000                   N55P_DEVICE1_PCKAB    EQU       00H     
 1010  0000000                   N55P_DEVICE1_PCKCD    EQU       00H     
 1011  0000000                   
 1012  0000000                   AVAILABLE_DPD_RAM     EQU       20H
 1013  0000000                   
 1014  0000000                   ;;;;;;;;;;;;;;;;;;;;;;;;;;;;;;;;;;;;;;;;;;;;;;;;;;;;;;;;;;;;;;;;;;;;;;;;;;;;;;;
 1015  0000000                   ; Cap-Sensor Library





 1016  0000000                   ; 
 1017  0000000                   ;;;;;;;;;;;;;;;;;;;;;;;;;;;;;;;;;;;;;;;;;;;;;;;;;;;;;;;;;;;;;;;;;;;;;;;;;;;;;;;
 1018  0000000                   WITH_FW_CAP_SENSOR_KEYS         EQU 0
 1019  0000000                   
 1020  0000000                   WITH_TOUCH_WAKEUP_EN            EQU 0
 1021  0000000                   
 1022  0000000                   TOUCH_WAKEUP_EN                 EQU 0
 1023  0000000                   
 1024  0000000                   WITH_TOUCH_WAKEUP_KEYNUMS       EQU 0
 1025  0000000                   
 1026  0000000                   CAP_SENSOR_CURRENT_SOURCE       EQU 30H
 1027  0000000                   
 1028  0000000                   CAP_SENSOR_SLEEP_TIME           EQU 4FH
 1029  0000000                   
 1030  0000000                   CAP_SENSOR_TMG_DIV              EQU 00H
 1031  0000000                   
 1032  0000000                   CAP_GET_INIT_AVG                EQU 0
 1033  0000000                   
 1034  0000000                   CAP_AVG_WITH_CHECK_BUSY         EQU 0
 1035  0000000                   
 1036  0000000                   
 1037  0000000                   WITH_FW_SEN_OPTION_PIN           EQU         0
 1038  0000000                   CAP_Sensitivity_Sel_Num           EQU         0
 1039  0000000                   WITH_CAPSENSOR_MULTISENTABLE     EQU         1
 1040  0000000                   
 1041  0000000                   CAP_SENSOR_DEBOUNCE             EQU          00H
 1042  0000000                   
 1043  0000000                   CAP_SENSOR_TBL0_KEY0_TH              EQU 60
 1044  0000000                   CAP_SENSOR_TBL0_KEY1_TH              EQU 60
 1045  0000000                   CAP_SENSOR_TBL0_KEY2_TH              EQU 60
 1046  0000000                   CAP_SENSOR_TBL0_KEY3_TH              EQU 60
 1047  0000000                   CAP_SENSOR_TBL0_KEY4_TH              EQU 60
 1048  0000000                   CAP_SENSOR_TBL0_KEY5_TH              EQU 60
 1049  0000000                   CAP_SENSOR_TBL0_KEY6_TH              EQU 60
 1050  0000000                   CAP_SENSOR_TBL0_KEY7_TH              EQU 60
 1051  0000000                   CAP_SENSOR_TBL0_KEY8_TH              EQU 60
 1052  0000000                   CAP_SENSOR_TBL0_KEY9_TH              EQU 60
 1053  0000000                   CAP_SENSOR_TBL0_KEY10_TH             EQU 60
 1054  0000000                   CAP_SENSOR_TBL0_KEY11_TH             EQU 60
 1055  0000000                   CAP_SENSOR_TBL0_KEY12_TH             EQU 60
 1056  0000000                   CAP_SENSOR_TBL0_KEY13_TH             EQU 60
 1057  0000000                   CAP_SENSOR_TBL0_KEY14_TH             EQU 60
 1058  0000000                   CAP_SENSOR_TBL0_KEY15_TH             EQU 60
 1059  0000000                   CAP_SENSOR_TBL0_KEY16_TH             EQU 60
 1060  0000000                   CAP_SENSOR_TBL0_KEY17_TH             EQU 60
 1061  0000000                   CAP_SENSOR_TBL0_KEY18_TH             EQU 60
 1062  0000000                   CAP_SENSOR_TBL0_KEY19_TH             EQU 60
 1063  0000000                   CAP_SENSOR_TBL0_KEY20_TH             EQU 60
 1064  0000000                   CAP_SENSOR_TBL0_KEY21_TH             EQU 60
 1065  0000000                   CAP_SENSOR_TBL0_KEY22_TH             EQU 60
 1066  0000000                   CAP_SENSOR_TBL0_KEY23_TH             EQU 60
 1067  0000000                   
 1068  0000000                   CAP_SENSOR_TBL0_KEY0_TH_UNTOUCHED              EQU 30
 1069  0000000                   CAP_SENSOR_TBL0_KEY1_TH_UNTOUCHED              EQU 30
 1070  0000000                   CAP_SENSOR_TBL0_KEY2_TH_UNTOUCHED              EQU 30
 1071  0000000                   CAP_SENSOR_TBL0_KEY3_TH_UNTOUCHED              EQU 30
 1072  0000000                   CAP_SENSOR_TBL0_KEY4_TH_UNTOUCHED              EQU 30





 1073  0000000                   CAP_SENSOR_TBL0_KEY5_TH_UNTOUCHED              EQU 30
 1074  0000000                   CAP_SENSOR_TBL0_KEY6_TH_UNTOUCHED              EQU 30
 1075  0000000                   CAP_SENSOR_TBL0_KEY7_TH_UNTOUCHED              EQU 30
 1076  0000000                   CAP_SENSOR_TBL0_KEY8_TH_UNTOUCHED              EQU 30
 1077  0000000                   CAP_SENSOR_TBL0_KEY9_TH_UNTOUCHED              EQU 30
 1078  0000000                   CAP_SENSOR_TBL0_KEY10_TH_UNTOUCHED             EQU 30
 1079  0000000                   CAP_SENSOR_TBL0_KEY11_TH_UNTOUCHED             EQU 30
 1080  0000000                   CAP_SENSOR_TBL0_KEY12_TH_UNTOUCHED             EQU 30
 1081  0000000                   CAP_SENSOR_TBL0_KEY13_TH_UNTOUCHED             EQU 30
 1082  0000000                   CAP_SENSOR_TBL0_KEY14_TH_UNTOUCHED             EQU 30
 1083  0000000                   CAP_SENSOR_TBL0_KEY15_TH_UNTOUCHED             EQU 30
 1084  0000000                   CAP_SENSOR_TBL0_KEY16_TH_UNTOUCHED             EQU 30
 1085  0000000                   CAP_SENSOR_TBL0_KEY17_TH_UNTOUCHED             EQU 30
 1086  0000000                   CAP_SENSOR_TBL0_KEY18_TH_UNTOUCHED             EQU 30
 1087  0000000                   CAP_SENSOR_TBL0_KEY19_TH_UNTOUCHED             EQU 30
 1088  0000000                   CAP_SENSOR_TBL0_KEY20_TH_UNTOUCHED             EQU 30
 1089  0000000                   CAP_SENSOR_TBL0_KEY21_TH_UNTOUCHED             EQU 30
 1090  0000000                   CAP_SENSOR_TBL0_KEY22_TH_UNTOUCHED             EQU 30
 1091  0000000                   CAP_SENSOR_TBL0_KEY23_TH_UNTOUCHED             EQU 30
 1092  0000000                   
 1093  0000000                   CAP_SENSOR_TBL0_KEY0_TH_NOISEFILTER              EQU 7
 1094  0000000                   CAP_SENSOR_TBL0_KEY1_TH_NOISEFILTER              EQU 7
 1095  0000000                   CAP_SENSOR_TBL0_KEY2_TH_NOISEFILTER              EQU 7
 1096  0000000                   CAP_SENSOR_TBL0_KEY3_TH_NOISEFILTER              EQU 7
 1097  0000000                   CAP_SENSOR_TBL0_KEY4_TH_NOISEFILTER              EQU 7
 1098  0000000                   CAP_SENSOR_TBL0_KEY5_TH_NOISEFILTER              EQU 7
 1099  0000000                   CAP_SENSOR_TBL0_KEY6_TH_NOISEFILTER              EQU 7
 1100  0000000                   CAP_SENSOR_TBL0_KEY7_TH_NOISEFILTER              EQU 7
 1101  0000000                   CAP_SENSOR_TBL0_KEY8_TH_NOISEFILTER              EQU 7
 1102  0000000                   CAP_SENSOR_TBL0_KEY9_TH_NOISEFILTER              EQU 7
 1103  0000000                   CAP_SENSOR_TBL0_KEY10_TH_NOISEFILTER             EQU 7
 1104  0000000                   CAP_SENSOR_TBL0_KEY11_TH_NOISEFILTER             EQU 7
 1105  0000000                   CAP_SENSOR_TBL0_KEY12_TH_NOISEFILTER             EQU 7
 1106  0000000                   CAP_SENSOR_TBL0_KEY13_TH_NOISEFILTER             EQU 7
 1107  0000000                   CAP_SENSOR_TBL0_KEY14_TH_NOISEFILTER             EQU 7
 1108  0000000                   CAP_SENSOR_TBL0_KEY15_TH_NOISEFILTER             EQU 7
 1109  0000000                   CAP_SENSOR_TBL0_KEY16_TH_NOISEFILTER             EQU 7
 1110  0000000                   CAP_SENSOR_TBL0_KEY17_TH_NOISEFILTER             EQU 7
 1111  0000000                   CAP_SENSOR_TBL0_KEY18_TH_NOISEFILTER             EQU 7
 1112  0000000                   CAP_SENSOR_TBL0_KEY19_TH_NOISEFILTER             EQU 7
 1113  0000000                   CAP_SENSOR_TBL0_KEY20_TH_NOISEFILTER             EQU 7
 1114  0000000                   CAP_SENSOR_TBL0_KEY21_TH_NOISEFILTER             EQU 7
 1115  0000000                   CAP_SENSOR_TBL0_KEY22_TH_NOISEFILTER             EQU 7
 1116  0000000                   CAP_SENSOR_TBL0_KEY23_TH_NOISEFILTER             EQU 7
 1117  0000000                   
 1118  0000000                   
 1119  0000000                   AVG_ADJ_CNT_NUM               EQU 0
 1120  0000000                   
 1121  0000000                   
 1122  0000000                   CAP_SENSOR_SEL_PIN0     EQU 0
 1123  0000000                   CAP_SENSOR_SEL_PIN1     EQU 0
 1124  0000000                   CAP_SENSOR_SEL_PIN2     EQU 0
 1125  0000000                   CAP_SENSOR_SEL_PIN3     EQU 0
 1126  0000000                   
 1127  0000000                   
 1128  0000000                   CAP_RTP_DISABLE         EQU 0
 1129  0000000                   CAP_CHARGE_MODE         EQU 0





 1130  0000000                   CAP_SKIP_FIRST_SUM      EQU 1
 1131  0000000                   
 1132  0000000                   ;;;; Selection Pin for sleep time table
 1133  0000000                   ;;;;;;;;;;;;;;;;;;;;;;;;;;;;;;;;;;;;;;;;;;;;;;;;;;;;;;;;;;;;;;;;;;;;;;;;;;;;;;;
 1134  0000000                   CAP_SleepTime_Sel_Num       EQU 0
 1135  0000000                   WITH_SLEEP_SEL_PIN_NUM      EQU 0
 1136  0000000                   
 1137  0000000                   CAP_SENSOR_ST_SEL_PIN0     EQU 0
 1138  0000000                   CAP_SENSOR_ST_SEL_PIN1     EQU 0
 1139  0000000                   CAP_SENSOR_ST_SEL_PIN2     EQU 0
 1140  0000000                   CAP_SENSOR_ST_SEL_PIN3     EQU 0
 1141  0000000                   
 1142  0000000                   CAP_SENSOR_SLEEP_TIME_INDEX0              EQU 79
 1143  0000000                   CAP_SENSOR_SLEEP_TIME_INDEX1              EQU 0
 1144  0000000                   CAP_SENSOR_SLEEP_TIME_INDEX2              EQU 0
 1145  0000000                   CAP_SENSOR_SLEEP_TIME_INDEX3              EQU 0
 1146  0000000                   CAP_SENSOR_SLEEP_TIME_INDEX4              EQU 0
 1147  0000000                   CAP_SENSOR_SLEEP_TIME_INDEX5              EQU 0
 1148  0000000                   CAP_SENSOR_SLEEP_TIME_INDEX6              EQU 0
 1149  0000000                   CAP_SENSOR_SLEEP_TIME_INDEX7              EQU 0
 1150  0000000                   CAP_SENSOR_SLEEP_TIME_INDEX8              EQU 0
 1151  0000000                   CAP_SENSOR_SLEEP_TIME_INDEX9              EQU 0
 1152  0000000                   CAP_SENSOR_SLEEP_TIME_INDEX10             EQU 0
 1153  0000000                   CAP_SENSOR_SLEEP_TIME_INDEX11             EQU 0
 1154  0000000                   CAP_SENSOR_SLEEP_TIME_INDEX12             EQU 0
 1155  0000000                   CAP_SENSOR_SLEEP_TIME_INDEX13             EQU 0
 1156  0000000                   CAP_SENSOR_SLEEP_TIME_INDEX14             EQU 0
 1157  0000000                   CAP_SENSOR_SLEEP_TIME_INDEX15             EQU 0
 1158  0000000                   ;;;;;;;;;;;;;;;;;;;;;;;;;;;;;;;;;;;;;;;;;;;;;;;;;;;;;;;;;;;;;;;;;;;;;;;;;;;;;;;
 1159  0000000                   
 1160  0000000                   CAP_SCAN_NUBER          EQU 16
 1161  0000000                   ;;;; Cap Sensor
 1162  0000000                   ;;;;;;;;;;;;;;;;;;;;;;;;;;;;;;;;;;;;;;;;;;;;;;;;;;;;;;;;;;;;;;;;;;;;;;;;;;;;;;;
 1163  0000000                   CAP_SENSOR_KEY0_BP              EQU 0
 1164  0000000                   CAP_SENSOR_KEY1_BP              EQU 0
 1165  0000000                   CAP_SENSOR_KEY2_BP              EQU 0
 1166  0000000                   CAP_SENSOR_KEY3_BP              EQU 0
 1167  0000000                   CAP_SENSOR_KEY4_BP              EQU 0
 1168  0000000                   CAP_SENSOR_KEY5_BP              EQU 0
 1169  0000000                   CAP_SENSOR_KEY6_BP              EQU 0
 1170  0000000                   CAP_SENSOR_KEY7_BP              EQU 0
 1171  0000000                   CAP_SENSOR_KEY8_BP              EQU 0
 1172  0000000                   CAP_SENSOR_KEY9_BP              EQU 0
 1173  0000000                   CAP_SENSOR_KEY10_BP             EQU 0
 1174  0000000                   CAP_SENSOR_KEY11_BP             EQU 0
 1175  0000000                   CAP_SENSOR_KEY12_BP             EQU 0
 1176  0000000                   CAP_SENSOR_KEY13_BP             EQU 0
 1177  0000000                   CAP_SENSOR_KEY14_BP             EQU 0
 1178  0000000                   CAP_SENSOR_KEY15_BP             EQU 0
 1179  0000000                   CAP_SENSOR_KEY16_BP             EQU 0
 1180  0000000                   CAP_SENSOR_KEY17_BP             EQU 0
 1181  0000000                   CAP_SENSOR_KEY18_BP             EQU 0
 1182  0000000                   CAP_SENSOR_KEY19_BP             EQU 0
 1183  0000000                   CAP_SENSOR_KEY20_BP             EQU 0
 1184  0000000                   CAP_SENSOR_KEY21_BP             EQU 0
 1185  0000000                   CAP_SENSOR_KEY22_BP             EQU 0
 1186  0000000                   CAP_SENSOR_KEY23_BP             EQU 0





 1187  0000000                   ;;;;;;;;;;;;;;;;;;;;;;;;;;;;;;;;;;;;;;;;;;;;;;;;;;;;;;;;;;;;;;;;;;;;;;;;;;;;;;;
 1188  0000000                   
 1189  0000000                   
 1190  0000000                   ;;;; UART
 1191  0000000                   ;;;;;;;;;;;;;;;;;;;;;;;;;;;;;;;;;;;;;;;;;;;;;;;;;;;;;;;;;;;;;;;;;;;;;;;;;;;;;;;
 1192  0000000                   WITH_UART_TX                     EQU         0
 1193  0000000                   WITH_UART_RX                     EQU         0
 1194  0000000                   WITH_UART_SWITCH                 EQU         0
 1195  0000000                   UART_BAUDRATE_DIVIDER            EQU         354
 1196  0000000                   TDLY_VALUE                       EQU         0
 1197  0000000                   PARITY_BIT                       EQU         0
 1198  0000000                   UART_TXDLY_CNT                   EQU         3
 1199  0000000                   
 1200  0000000                   
 1201  0000000                   ;;;;;;;;;;;;;;;;;;;;;;;;;;;;;;;;;;;;;;;;;;;;;;;;;;;;;;;;;;;;;;;;;;;;;;;;;;;;;;;
 1202  0000000                   
 1203  0000000                   ;;;; Address LED
 1204  0000000                   ;;;;;;;;;;;;;;;;;;;;;;;;;;;;;;;;;;;;;;;;;;;;;;;;;;;;;;;;;;;;;;;;;;;;;;;;;;;;;;;
 1205  0000000                   WITH_SLD_ENABLE			EQU		00H
 1206  0000000                   WITH_SLD_SWITCH 		EQU		00H
 1207  0000000                   SLD_CTL_TYPE			EQU		00H
 1208  0000000                   SLD_ORDER_BIT			EQU		01H
 1209  0000000                   SLD_ONE_WIRE_HIDA0		EQU		06H
 1210  0000000                   SLD_ONE_WIRE_HIDA1		EQU		0CH
 1211  0000000                   SLD_ONE_WIRE_LODA0		EQU		12H
 1212  0000000                   SLD_ONE_WIRE_LODA1		EQU		0CH
 1213  0000000                   SLD_TWO_WIRE_CLK_RATE	EQU		00H         
 1214  0000000                   
 1215  0000000                   ;;;;;;;;;;;;;;;;;;;;;;;;;;;;;;;;;;;;;;;;;;;;;;;;;;;;;;;;;;;;;;;;;;;;;;;;;;;;;;;
 1216  0000000                   
 1217  0000000                   
 1218  0000000                   	.GLOBALS ON
 1219  0000000                   	LIBRARY_CODE:	SECTION
 1220  0000000                   
 1221  0000000                   ; System clock is 10240000 ============================================
 1222  0000000                   ; N588M note:	TM0/TM1/TM2 : /2/4/8/32/128
 1223  0000000                   
 1224  0000000                   
 1225  0000000                   	.IF (WITH_VC4 .EQ. 1)
 1226  0000000                   VC_TMC_TABLE_TABLE:
 1227  0000000                   		.IF (WITH_VS0A_VC4 .EQ. 1)
 1228  0000000                   			DW VC_TMC_TABLE_TM2	;TM0
 1229  0000000                   		.ELSE
 1230  0000000                   			DW 0H	;
 1231  0000000                   		.ENDIF
 1232  0000000                   		.IF (WITH_VS1A_VC4 .EQ. 1)
 1233  0000000                   			DW VC_TMC_TABLE_TM0	;TM1
 1234  0000000                   		.ELSE
 1235  0000000                   			DW 0H	;
 1236  0000000                   		.ENDIF
 1237  0000000                   		.IF (WITH_VS2A_VC4 .EQ. 1)
 1238  0000000                   			DW VC_TMC_TABLE_TM1	;TMG
 1239  0000000                   		.ELSE
 1240  0000000                   			DW 0H	;
 1241  0000000                   		.ENDIF
 1242  0000000                   
 1243  0000000                   VC_TMV_TABLE_TABLE:





 1244  0000000                   		.IF (WITH_VS0A_VC4 .EQ. 1)
 1245  0000000                   			DW VC_TMV_TABLE_TM2	;TMG
 1246  0000000                   		.ELSE
 1247  0000000                   			DW 0H	;
 1248  0000000                   		.ENDIF
 1249  0000000                   		.IF (WITH_VS1A_VC4 .EQ. 1)
 1250  0000000                   			DW VC_TMV_TABLE_TM0	;TM0
 1251  0000000                   		.ELSE
 1252  0000000                   			DW 0H	;
 1253  0000000                   		.ENDIF
 1254  0000000                   		.IF (WITH_VS2A_VC4 .EQ. 1)
 1255  0000000                   			DW VC_TMV_TABLE_TM1	;TM1
 1256  0000000                   		.ELSE
 1257  0000000                   			DW 0H	;
 1258  0000000                   		.ENDIF
 1259  0000000                   VC_TMC_TABLE_TM2:	;TM2
 1260  0000000                   VC_TMC_TABLE_TM0:	;TM0
 1261  0000000                   VC_TMC_TABLE_TM1:	;TM1
 1262  0000000                   	DB  5H
 1263  0000000                   	DB  7H
 1264  0000000                   	DB  7H
 1265  0000000                   	DB  5H
 1266  0000000                   	DB  5H
 1267  0000000                   	DB  5H
 1268  0000000                   	DB  5H
 1269  0000000                   	DB  5H
 1270  0000000                   	DB  5H
 1271  0000000                   	DB  5H
 1272  0000000                   	DB  5H
 1273  0000000                   
 1274  0000000                   VC_TMV_TABLE_TM2:	;TM2
 1275  0000000                   
 1276  0000000                   VC_TMV_TABLE_TM0:	;TM0
 1277  0000000                   
 1278  0000000                   VC_TMV_TABLE_TM1:	;TM1
 1279  0000000                   	DB 9FH
 1280  0000000                   	DB 4FH
 1281  0000000                   	DB 41H
 1282  0000000                   	DB E3H
 1283  0000000                   	DB C7H
 1284  0000000                   	DB B0H
 1285  0000000                   	DB 84H
 1286  0000000                   	DB 71H
 1287  0000000                   	DB 63H
 1288  0000000                   	DB 57H
 1289  0000000                   	DB 4FH
 1290  0000000                   
 1291  0000000                   	.ENDIF
 1292  0000000                   
 1293  0000000                   
 1294  0000000                   
 1295  0000000                   ; for others ==========================================================
 1296  0000000                   
 1297  0000000                   DELTA_ENVELOPE_COUNT_INTEGER		EQU 0H
 1298  0000000                   DELTA_ENVELOPE_COUNT_FRACTION		EQU 33H
 1299  0000000                   
 1300  0000000                   SPEECH_TMC_DEFAULT 		EQU 3H	;/4





 1301  0000000                   
 1302  0000000                   .GLOBALS OFF
 1303  0000000                   	ENDS
 1304  0000000                   
		Line(s) Assembled : 1304
		Error(s): 0
		Warn(s) : 0
		Begin Assembling Time : Thu Sep 02 11:49:13 2021
		End   Assembling Time : Thu Sep 02 11:49:13 2021

